928 INFO: PyInstaller: 6.20.0, contrib hooks: 2026.5
929 INFO: Python: 3.13.12
1017 INFO: Platform: Windows-11-10.0.26100-SP0
1017 INFO: Python environment: C:\Users\0120025-Z100\source\project\pdf-editor\.venv
pdf_editor.spec:7: SyntaxWarning: invalid escape sequence '\S'
  .venv\Scripts\pyinstaller.exe pdf_editor.spec
802 WARNING: Failed to collect submodules for 'PySide6.scripts.deploy_lib' because importing 'PySide6.scripts.deploy_lib' raised: ModuleNotFoundError: No module named 'project_lib'
12521 INFO: Module search paths (PYTHONPATH):
['C:\\Users\\0120025-Z100\\source\\project\\pdf-editor\\.venv\\Scripts\\pyinstaller.exe',
 'C:\\Users\\0120025-Z100\\AppData\\Local\\Programs\\Python\\Python313\\python313.zip',
 'C:\\Users\\0120025-Z100\\AppData\\Local\\Programs\\Python\\Python313\\DLLs',
 'C:\\Users\\0120025-Z100\\AppData\\Local\\Programs\\Python\\Python313\\Lib',
 'C:\\Users\\0120025-Z100\\AppData\\Local\\Programs\\Python\\Python313',
 'C:\\Users\\0120025-Z100\\source\\project\\pdf-editor\\.venv',
 'C:\\Users\\0120025-Z100\\source\\project\\pdf-editor\\.venv\\Lib\\site-packages',
 'C:\\Users\\0120025-Z100\\source\\project\\pdf-editor']
13410 INFO: Appending 'binaries' from .spec
13512 INFO: Appending 'datas' from .spec
14555 INFO: checking Analysis
14628 INFO: Building because excludes changed
14629 INFO: Looking for Python shared library...
14629 INFO: Using Python shared library: C:\Users\0120025-Z100\AppData\Local\Programs\Python\Python313\python313.dll
14629 INFO: Running Analysis Analysis-00.toc
14629 INFO: Target bytecode optimization level: 0
14629 INFO: Initializing module dependency graph...
14634 INFO: Initializing module graph hook caches...
14866 INFO: Analyzing modules for base_library.zip ...
18532 INFO: Processing standard module hook 'hook-encodings.py' from 'C:\\Users\\0120025-Z100\\source\\project\\pdf-editor\\.venv\\Lib\\site-packages\\PyInstaller\\hooks'
23017 INFO: Processing standard module hook 'hook-pickle.py' from 'C:\\Users\\0120025-Z100\\source\\project\\pdf-editor\\.venv\\Lib\\site-packages\\PyInstaller\\hooks'
24139 INFO: Processing standard module hook 'hook-heapq.py' from 'C:\\Users\\0120025-Z100\\source\\project\\pdf-editor\\.venv\\Lib\\site-packages\\PyInstaller\\hooks'
25086 INFO: Caching module dependency graph...
25131 INFO: Analyzing C:\Users\0120025-Z100\source\project\pdf-editor\main.py
25144 INFO: Processing standard module hook 'hook-PySide6.py' from 'C:\\Users\\0120025-Z100\\source\\project\\pdf-editor\\.venv\\Lib\\site-packages\\PyInstaller\\hooks'
25927 INFO: Processing standard module hook 'hook-shiboken6.py' from 'C:\\Users\\0120025-Z100\\source\\project\\pdf-editor\\.venv\\Lib\\site-packages\\PyInstaller\\hooks'
26172 INFO: Processing standard module hook 'hook-PySide6.QtNetwork.py' from 'C:\\Users\\0120025-Z100\\source\\project\\pdf-editor\\.venv\\Lib\\site-packages\\PyInstaller\\hooks'
30241 INFO: Processing standard module hook 'hook-PySide6.QtCore.py' from 'C:\\Users\\0120025-Z100\\source\\project\\pdf-editor\\.venv\\Lib\\site-packages\\PyInstaller\\hooks'
35170 INFO: Processing standard module hook 'hook-PySide6.QtWidgets.py' from 'C:\\Users\\0120025-Z100\\source\\project\\pdf-editor\\.venv\\Lib\\site-packages\\PyInstaller\\hooks'
41165 INFO: Processing standard module hook 'hook-PySide6.QtGui.py' from 'C:\\Users\\0120025-Z100\\source\\project\\pdf-editor\\.venv\\Lib\\site-packages\\PyInstaller\\hooks'
77788 INFO: Processing standard module hook 'hook-PIL.py' from 'C:\\Users\\0120025-Z100\\source\\project\\pdf-editor\\.venv\\Lib\\site-packages\\PyInstaller\\hooks'
78035 INFO: Processing standard module hook 'hook-PIL.Image.py' from 'C:\\Users\\0120025-Z100\\source\\project\\pdf-editor\\.venv\\Lib\\site-packages\\PyInstaller\\hooks'
79928 INFO: Processing standard module hook 'hook-xml.py' from 'C:\\Users\\0120025-Z100\\source\\project\\pdf-editor\\.venv\\Lib\\site-packages\\PyInstaller\\hooks'
79991 INFO: Processing standard module hook 'hook-xml.etree.cElementTree.py' from 'C:\\Users\\0120025-Z100\\source\\project\\pdf-editor\\.venv\\Lib\\site-packages\\PyInstaller\\hooks'
80352 INFO: Processing standard module hook 'hook-PIL.ImageFilter.py' from 'C:\\Users\\0120025-Z100\\source\\project\\pdf-editor\\.venv\\Lib\\site-packages\\PyInstaller\\hooks'
80884 INFO: Processing standard module hook 'hook-multiprocessing.util.py' from 'C:\\Users\\0120025-Z100\\source\\project\\pdf-editor\\.venv\\Lib\\site-packages\\PyInstaller\\hooks'
81699 INFO: Processing standard module hook 'hook-sysconfig.py' from 'C:\\Users\\0120025-Z100\\source\\project\\pdf-editor\\.venv\\Lib\\site-packages\\PyInstaller\\hooks'
81708 INFO: Processing standard module hook 'hook-_ctypes.py' from 'C:\\Users\\0120025-Z100\\source\\project\\pdf-editor\\.venv\\Lib\\site-packages\\PyInstaller\\hooks'
81791 INFO: Processing standard module hook 'hook-platform.py' from 'C:\\Users\\0120025-Z100\\source\\project\\pdf-editor\\.venv\\Lib\\site-packages\\PyInstaller\\hooks'
82141 INFO: Processing standard module hook 'hook-markdown.py' from 'C:\\Users\\0120025-Z100\\source\\project\\pdf-editor\\.venv\\Lib\\site-packages\\_pyinstaller_hooks_contrib\\stdhooks'
83337 INFO: Processing pre-safe-import-module hook 'hook-importlib_metadata.py' from 'C:\\Users\\0120025-Z100\\source\\project\\pdf-editor\\.venv\\Lib\\site-packages\\PyInstaller\\hooks\\pre_safe_import_module'
83339 INFO: SetuptoolsInfo: initializing cached setuptools info...
84989 INFO: Setuptools: 'importlib_metadata' appears to be a setuptools-vendored copy - creating alias to 'setuptools._vendor.importlib_metadata'!
85004 INFO: Processing standard module hook 'hook-setuptools.py' from 'C:\\Users\\0120025-Z100\\source\\project\\pdf-editor\\.venv\\Lib\\site-packages\\PyInstaller\\hooks'
85038 INFO: Processing pre-safe-import-module hook 'hook-distutils.py' from 'C:\\Users\\0120025-Z100\\source\\project\\pdf-editor\\.venv\\Lib\\site-packages\\PyInstaller\\hooks\\pre_safe_import_module'
85083 INFO: Processing pre-safe-import-module hook 'hook-jaraco.py' from 'C:\\Users\\0120025-Z100\\source\\project\\pdf-editor\\.venv\\Lib\\site-packages\\PyInstaller\\hooks\\pre_safe_import_module'
85084 INFO: Setuptools: 'jaraco' appears to be a full setuptools-vendored copy - creating alias to 'setuptools._vendor.jaraco'!
85099 INFO: Processing pre-safe-import-module hook 'hook-more_itertools.py' from 'C:\\Users\\0120025-Z100\\source\\project\\pdf-editor\\.venv\\Lib\\site-packages\\PyInstaller\\hooks\\pre_safe_import_module'
85100 INFO: Setuptools: 'more_itertools' appears to be a setuptools-vendored copy - creating alias to 'setuptools._vendor.more_itertools'!
85253 INFO: Processing pre-safe-import-module hook 'hook-typing_extensions.py' from 'C:\\Users\\0120025-Z100\\source\\project\\pdf-editor\\.venv\\Lib\\site-packages\\PyInstaller\\hooks\\pre_safe_import_module'
85354 INFO: Processing pre-safe-import-module hook 'hook-packaging.py' from 'C:\\Users\\0120025-Z100\\source\\project\\pdf-editor\\.venv\\Lib\\site-packages\\PyInstaller\\hooks\\pre_safe_import_module'
85634 INFO: Processing standard module hook 'hook-setuptools._vendor.jaraco.text.py' from 'C:\\Users\\0120025-Z100\\source\\project\\pdf-editor\\.venv\\Lib\\site-packages\\PyInstaller\\hooks'
85637 INFO: Processing pre-safe-import-module hook 'hook-importlib_resources.py' from 'C:\\Users\\0120025-Z100\\source\\project\\pdf-editor\\.venv\\Lib\\site-packages\\PyInstaller\\hooks\\pre_safe_import_module'
85914 INFO: Processing pre-safe-import-module hook 'hook-backports.py' from 'C:\\Users\\0120025-Z100\\source\\project\\pdf-editor\\.venv\\Lib\\site-packages\\PyInstaller\\hooks\\pre_safe_import_module'
85915 INFO: Setuptools: 'backports' appears to be a full setuptools-vendored copy - creating alias to 'setuptools._vendor.backports'!
86478 INFO: Processing pre-safe-import-module hook 'hook-tomli.py' from 'C:\\Users\\0120025-Z100\\source\\project\\pdf-editor\\.venv\\Lib\\site-packages\\PyInstaller\\hooks\\pre_safe_import_module'
86479 INFO: Setuptools: 'tomli' appears to be a setuptools-vendored copy - creating alias to 'setuptools._vendor.tomli'!
87440 INFO: Processing pre-safe-import-module hook 'hook-wheel.py' from 'C:\\Users\\0120025-Z100\\source\\project\\pdf-editor\\.venv\\Lib\\site-packages\\PyInstaller\\hooks\\pre_safe_import_module'
87441 INFO: Setuptools: 'wheel' appears to be a setuptools-vendored copy - creating alias to 'setuptools._vendor.wheel'!
87558 INFO: Processing standard module hook 'hook-setuptools._vendor.importlib_metadata.py' from 'C:\\Users\\0120025-Z100\\source\\project\\pdf-editor\\.venv\\Lib\\site-packages\\PyInstaller\\hooks'
87691 INFO: Processing pre-safe-import-module hook 'hook-zipp.py' from 'C:\\Users\\0120025-Z100\\source\\project\\pdf-editor\\.venv\\Lib\\site-packages\\PyInstaller\\hooks\\pre_safe_import_module'
87693 INFO: Setuptools: 'zipp' appears to be a setuptools-vendored copy - creating alias to 'setuptools._vendor.zipp'!
88113 INFO: Processing standard module hook 'hook-PySide6.QtWebEngineCore.py' from 'C:\\Users\\0120025-Z100\\source\\project\\pdf-editor\\.venv\\Lib\\site-packages\\PyInstaller\\hooks'
91321 INFO: Processing standard module hook 'hook-PySide6.QtWebChannel.py' from 'C:\\Users\\0120025-Z100\\source\\project\\pdf-editor\\.venv\\Lib\\site-packages\\PyInstaller\\hooks'
92634 INFO: Processing standard module hook 'hook-PySide6.QtWebEngineWidgets.py' from 'C:\\Users\\0120025-Z100\\source\\project\\pdf-editor\\.venv\\Lib\\site-packages\\PyInstaller\\hooks'
94019 INFO: Processing standard module hook 'hook-PySide6.QtPrintSupport.py' from 'C:\\Users\\0120025-Z100\\source\\project\\pdf-editor\\.venv\\Lib\\site-packages\\PyInstaller\\hooks'
95482 INFO: Analyzing hidden import 'PySide6.Qt3DAnimation'
95529 INFO: Processing standard module hook 'hook-PySide6.Qt3DAnimation.py' from 'C:\\Users\\0120025-Z100\\source\\project\\pdf-editor\\.venv\\Lib\\site-packages\\PyInstaller\\hooks'
96865 INFO: Processing standard module hook 'hook-PySide6.Qt3DCore.py' from 'C:\\Users\\0120025-Z100\\source\\project\\pdf-editor\\.venv\\Lib\\site-packages\\PyInstaller\\hooks'
98680 INFO: Processing standard module hook 'hook-PySide6.Qt3DRender.py' from 'C:\\Users\\0120025-Z100\\source\\project\\pdf-editor\\.venv\\Lib\\site-packages\\PyInstaller\\hooks'
107400 INFO: Processing standard module hook 'hook-PySide6.QtOpenGL.py' from 'C:\\Users\\0120025-Z100\\source\\project\\pdf-editor\\.venv\\Lib\\site-packages\\PyInstaller\\hooks'
113142 INFO: Analyzing hidden import 'PySide6.Qt3DExtras'
113265 INFO: Processing standard module hook 'hook-PySide6.Qt3DExtras.py' from 'C:\\Users\\0120025-Z100\\source\\project\\pdf-editor\\.venv\\Lib\\site-packages\\PyInstaller\\hooks'
114924 INFO: Analyzing hidden import 'PySide6.Qt3DInput'
114975 INFO: Processing standard module hook 'hook-PySide6.Qt3DInput.py' from 'C:\\Users\\0120025-Z100\\source\\project\\pdf-editor\\.venv\\Lib\\site-packages\\PyInstaller\\hooks'
116480 INFO: Analyzing hidden import 'PySide6.Qt3DLogic'
116485 INFO: Processing standard module hook 'hook-PySide6.Qt3DLogic.py' from 'C:\\Users\\0120025-Z100\\source\\project\\pdf-editor\\.venv\\Lib\\site-packages\\PyInstaller\\hooks'
117847 INFO: Analyzing hidden import 'PySide6.QtAsyncio'
118749 INFO: Analyzing hidden import 'PySide6.QtAxContainer'
118765 INFO: Processing standard module hook 'hook-PySide6.QtAxContainer.py' from 'C:\\Users\\0120025-Z100\\source\\project\\pdf-editor\\.venv\\Lib\\site-packages\\PyInstaller\\hooks'
119953 INFO: Analyzing hidden import 'PySide6.QtBluetooth'
120028 INFO: Processing standard module hook 'hook-PySide6.QtBluetooth.py' from 'C:\\Users\\0120025-Z100\\source\\project\\pdf-editor\\.venv\\Lib\\site-packages\\PyInstaller\\hooks'
121649 INFO: Analyzing hidden import 'PySide6.QtCharts'
121783 INFO: Processing standard module hook 'hook-PySide6.QtCharts.py' from 'C:\\Users\\0120025-Z100\\source\\project\\pdf-editor\\.venv\\Lib\\site-packages\\PyInstaller\\hooks'
123647 INFO: Analyzing hidden import 'PySide6.QtConcurrent'
123665 INFO: Processing standard module hook 'hook-PySide6.QtConcurrent.py' from 'C:\\Users\\0120025-Z100\\source\\project\\pdf-editor\\.venv\\Lib\\site-packages\\PyInstaller\\hooks'
124725 INFO: Analyzing hidden import 'PySide6.QtDBus'
124771 INFO: Processing standard module hook 'hook-PySide6.QtDBus.py' from 'C:\\Users\\0120025-Z100\\source\\project\\pdf-editor\\.venv\\Lib\\site-packages\\PyInstaller\\hooks'
126312 INFO: Analyzing hidden import 'PySide6.QtDataVisualization'
126496 INFO: Processing standard module hook 'hook-PySide6.QtDataVisualization.py' from 'C:\\Users\\0120025-Z100\\source\\project\\pdf-editor\\.venv\\Lib\\site-packages\\PyInstaller\\hooks'
128386 INFO: Analyzing hidden import 'PySide6.QtDesigner'
128448 INFO: Processing standard module hook 'hook-PySide6.QtDesigner.py' from 'C:\\Users\\0120025-Z100\\source\\project\\pdf-editor\\.venv\\Lib\\site-packages\\PyInstaller\\hooks'
130694 INFO: Analyzing hidden import 'PySide6.QtExampleIcons'
130695 INFO: Analyzing hidden import 'PySide6.QtGraphs'
130827 INFO: Processing standard module hook 'hook-PySide6.QtGraphs.py' from 'C:\\Users\\0120025-Z100\\source\\project\\pdf-editor\\.venv\\Lib\\site-packages\\PyInstaller\\hooks'
132633 INFO: Processing standard module hook 'hook-PySide6.QtQml.py' from 'C:\\Users\\0120025-Z100\\source\\project\\pdf-editor\\.venv\\Lib\\site-packages\\PyInstaller\\hooks'
169615 INFO: Analyzing hidden import 'PySide6.QtGraphsWidgets'
169648 INFO: Processing standard module hook 'hook-PySide6.QtGraphsWidgets.py' from 'C:\\Users\\0120025-Z100\\source\\project\\pdf-editor\\.venv\\Lib\\site-packages\\PyInstaller\\hooks'
170658 INFO: Processing standard module hook 'hook-PySide6.QtQuick.py' from 'C:\\Users\\0120025-Z100\\source\\project\\pdf-editor\\.venv\\Lib\\site-packages\\PyInstaller\\hooks'
172161 INFO: Processing standard module hook 'hook-PySide6.QtQuickWidgets.py' from 'C:\\Users\\0120025-Z100\\source\\project\\pdf-editor\\.venv\\Lib\\site-packages\\PyInstaller\\hooks'
173042 INFO: Analyzing hidden import 'PySide6.QtHelp'
173061 INFO: Processing standard module hook 'hook-PySide6.QtHelp.py' from 'C:\\Users\\0120025-Z100\\source\\project\\pdf-editor\\.venv\\Lib\\site-packages\\PyInstaller\\hooks'
173968 INFO: Analyzing hidden import 'PySide6.QtHttpServer'
173983 INFO: Processing standard module hook 'hook-PySide6.QtHttpServer.py' from 'C:\\Users\\0120025-Z100\\source\\project\\pdf-editor\\.venv\\Lib\\site-packages\\PyInstaller\\hooks'
174835 INFO: Analyzing hidden import 'PySide6.QtLocation'
174891 INFO: Processing standard module hook 'hook-PySide6.QtLocation.py' from 'C:\\Users\\0120025-Z100\\source\\project\\pdf-editor\\.venv\\Lib\\site-packages\\PyInstaller\\hooks'
176300 INFO: Processing standard module hook 'hook-PySide6.QtPositioning.py' from 'C:\\Users\\0120025-Z100\\source\\project\\pdf-editor\\.venv\\Lib\\site-packages\\PyInstaller\\hooks'
177857 INFO: Analyzing hidden import 'PySide6.QtMultimedia'
177934 INFO: Processing standard module hook 'hook-PySide6.QtMultimedia.py' from 'C:\\Users\\0120025-Z100\\source\\project\\pdf-editor\\.venv\\Lib\\site-packages\\PyInstaller\\hooks'
179981 INFO: Analyzing hidden import 'PySide6.QtMultimediaWidgets'
179986 INFO: Processing standard module hook 'hook-PySide6.QtMultimediaWidgets.py' from 'C:\\Users\\0120025-Z100\\source\\project\\pdf-editor\\.venv\\Lib\\site-packages\\PyInstaller\\hooks'
180815 INFO: Analyzing hidden import 'PySide6.QtNetworkAuth'
180839 INFO: Processing standard module hook 'hook-PySide6.QtNetworkAuth.py' from 'C:\\Users\\0120025-Z100\\source\\project\\pdf-editor\\.venv\\Lib\\site-packages\\PyInstaller\\hooks'
181692 INFO: Analyzing hidden import 'PySide6.QtNfc'
181713 INFO: Processing standard module hook 'hook-PySide6.QtNfc.py' from 'C:\\Users\\0120025-Z100\\source\\project\\pdf-editor\\.venv\\Lib\\site-packages\\PyInstaller\\hooks'
182555 INFO: Analyzing hidden import 'PySide6.QtOpenGLWidgets'
182559 INFO: Processing standard module hook 'hook-PySide6.QtOpenGLWidgets.py' from 'C:\\Users\\0120025-Z100\\source\\project\\pdf-editor\\.venv\\Lib\\site-packages\\PyInstaller\\hooks'
183434 INFO: Analyzing hidden import 'PySide6.QtPdf'
183452 INFO: Processing standard module hook 'hook-PySide6.QtPdf.py' from 'C:\\Users\\0120025-Z100\\source\\project\\pdf-editor\\.venv\\Lib\\site-packages\\PyInstaller\\hooks'
184373 INFO: Analyzing hidden import 'PySide6.QtPdfWidgets'
184383 INFO: Processing standard module hook 'hook-PySide6.QtPdfWidgets.py' from 'C:\\Users\\0120025-Z100\\source\\project\\pdf-editor\\.venv\\Lib\\site-packages\\PyInstaller\\hooks'
185207 INFO: Analyzing hidden import 'PySide6.QtQuick3D'
185222 INFO: Processing standard module hook 'hook-PySide6.QtQuick3D.py' from 'C:\\Users\\0120025-Z100\\source\\project\\pdf-editor\\.venv\\Lib\\site-packages\\PyInstaller\\hooks'
186228 INFO: Analyzing hidden import 'PySide6.QtQuickControls2'
186231 INFO: Processing standard module hook 'hook-PySide6.QtQuickControls2.py' from 'C:\\Users\\0120025-Z100\\source\\project\\pdf-editor\\.venv\\Lib\\site-packages\\PyInstaller\\hooks'
187063 INFO: Analyzing hidden import 'PySide6.QtQuickTest'
187066 INFO: Analyzing hidden import 'PySide6.QtRemoteObjects'
187085 INFO: Processing standard module hook 'hook-PySide6.QtRemoteObjects.py' from 'C:\\Users\\0120025-Z100\\source\\project\\pdf-editor\\.venv\\Lib\\site-packages\\PyInstaller\\hooks'
187989 INFO: Analyzing hidden import 'PySide6.QtScxml'
188011 INFO: Processing standard module hook 'hook-PySide6.QtScxml.py' from 'C:\\Users\\0120025-Z100\\source\\project\\pdf-editor\\.venv\\Lib\\site-packages\\PyInstaller\\hooks'
188986 INFO: Analyzing hidden import 'PySide6.QtSensors'
189020 INFO: Processing standard module hook 'hook-PySide6.QtSensors.py' from 'C:\\Users\\0120025-Z100\\source\\project\\pdf-editor\\.venv\\Lib\\site-packages\\PyInstaller\\hooks'
190388 INFO: Analyzing hidden import 'PySide6.QtSerialBus'
190447 INFO: Processing standard module hook 'hook-PySide6.QtSerialBus.py' from 'C:\\Users\\0120025-Z100\\source\\project\\pdf-editor\\.venv\\Lib\\site-packages\\PyInstaller\\hooks'
192203 INFO: Analyzing hidden import 'PySide6.QtSerialPort'
192214 INFO: Processing standard module hook 'hook-PySide6.QtSerialPort.py' from 'C:\\Users\\0120025-Z100\\source\\project\\pdf-editor\\.venv\\Lib\\site-packages\\PyInstaller\\hooks'
193107 INFO: Analyzing hidden import 'PySide6.QtSpatialAudio'
193130 INFO: Processing standard module hook 'hook-PySide6.QtSpatialAudio.py' from 'C:\\Users\\0120025-Z100\\source\\project\\pdf-editor\\.venv\\Lib\\site-packages\\PyInstaller\\hooks'
194687 INFO: Analyzing hidden import 'PySide6.QtSql'
194758 INFO: Processing standard module hook 'hook-PySide6.QtSql.py' from 'C:\\Users\\0120025-Z100\\source\\project\\pdf-editor\\.venv\\Lib\\site-packages\\PyInstaller\\hooks'
196305 INFO: Analyzing hidden import 'PySide6.QtStateMachine'
197210 INFO: Processing standard module hook 'hook-PySide6.QtStateMachine.py' from 'C:\\Users\\0120025-Z100\\source\\project\\pdf-editor\\.venv\\Lib\\site-packages\\PyInstaller\\hooks'
198377 INFO: Analyzing hidden import 'PySide6.QtSvg'
198388 INFO: Processing standard module hook 'hook-PySide6.QtSvg.py' from 'C:\\Users\\0120025-Z100\\source\\project\\pdf-editor\\.venv\\Lib\\site-packages\\PyInstaller\\hooks'
199393 INFO: Analyzing hidden import 'PySide6.QtSvgWidgets'
199400 INFO: Processing standard module hook 'hook-PySide6.QtSvgWidgets.py' from 'C:\\Users\\0120025-Z100\\source\\project\\pdf-editor\\.venv\\Lib\\site-packages\\PyInstaller\\hooks'
200503 INFO: Analyzing hidden import 'PySide6.QtTest'
200530 INFO: Processing standard module hook 'hook-PySide6.QtTest.py' from 'C:\\Users\\0120025-Z100\\source\\project\\pdf-editor\\.venv\\Lib\\site-packages\\PyInstaller\\hooks'
201705 INFO: Analyzing hidden import 'PySide6.QtTextToSpeech'
203195 INFO: Processing standard module hook 'hook-PySide6.QtTextToSpeech.py' from 'C:\\Users\\0120025-Z100\\source\\project\\pdf-editor\\.venv\\Lib\\site-packages\\PyInstaller\\hooks'
204985 INFO: Analyzing hidden import 'PySide6.QtUiTools'
209074 INFO: Processing standard module hook 'hook-PySide6.QtUiTools.py' from 'C:\\Users\\0120025-Z100\\source\\project\\pdf-editor\\.venv\\Lib\\site-packages\\PyInstaller\\hooks'
210099 INFO: Analyzing hidden import 'PySide6.QtWebEngineQuick'
210108 INFO: Processing standard module hook 'hook-PySide6.QtWebEngineQuick.py' from 'C:\\Users\\0120025-Z100\\source\\project\\pdf-editor\\.venv\\Lib\\site-packages\\PyInstaller\\hooks'
211068 INFO: Analyzing hidden import 'PySide6.QtWebSockets'
211083 INFO: Processing standard module hook 'hook-PySide6.QtWebSockets.py' from 'C:\\Users\\0120025-Z100\\source\\project\\pdf-editor\\.venv\\Lib\\site-packages\\PyInstaller\\hooks'
211938 INFO: Analyzing hidden import 'PySide6.QtWebView'
211941 INFO: Analyzing hidden import 'PySide6.QtXml'
211964 INFO: Processing standard module hook 'hook-PySide6.QtXml.py' from 'C:\\Users\\0120025-Z100\\source\\project\\pdf-editor\\.venv\\Lib\\site-packages\\PyInstaller\\hooks'
212936 INFO: Analyzing hidden import 'PySide6._config'
212939 INFO: Analyzing hidden import 'PySide6._git_pyside_version'
212941 INFO: Analyzing hidden import 'PySide6.scripts'
212943 INFO: Analyzing hidden import 'PySide6.scripts.deploy'
212956 INFO: Analyzing hidden import 'PySide6.scripts.metaobjectdump'
212984 INFO: Analyzing hidden import 'PySide6.scripts.project'
213007 INFO: Analyzing hidden import 'PySide6.scripts.project_lib'
213040 INFO: Analyzing hidden import 'PySide6.scripts.pyside_tool'
213056 INFO: Analyzing hidden import 'PySide6.scripts.qml'
213070 INFO: Analyzing hidden import 'PySide6.scripts.qtpy2cpp'
213079 INFO: Analyzing hidden import 'PySide6.support'
213081 INFO: Analyzing hidden import 'PySide6.support.deprecated'
213083 INFO: Analyzing hidden import 'PySide6.support.generate_pyi'
213092 INFO: Analyzing hidden import 'pymupdf.__main__'
213147 INFO: Processing module hooks (post-graph stage)...
213656 INFO: Processing standard module hook 'hook-PIL.SpiderImagePlugin.py' from 'C:\\Users\\0120025-Z100\\source\\project\\pdf-editor\\.venv\\Lib\\site-packages\\PyInstaller\\hooks'
214479 INFO: Processing standard module hook 'hook-difflib.py' from 'C:\\Users\\0120025-Z100\\source\\project\\pdf-editor\\.venv\\Lib\\site-packages\\PyInstaller\\hooks'
214778 INFO: Performing binary vs. data reclassification (3557 entries)
217434 INFO: Looking for ctypes DLLs
217550 INFO: Analyzing run-time hooks ...
217556 INFO: Including run-time hook 'pyi_rth_inspect.py' from 'C:\\Users\\0120025-Z100\\source\\project\\pdf-editor\\.venv\\Lib\\site-packages\\PyInstaller\\hooks\\rthooks'
217564 INFO: Including run-time hook 'pyi_rth_multiprocessing.py' from 'C:\\Users\\0120025-Z100\\source\\project\\pdf-editor\\.venv\\Lib\\site-packages\\PyInstaller\\hooks\\rthooks'
217571 INFO: Including run-time hook 'pyi_rth_pkgutil.py' from 'C:\\Users\\0120025-Z100\\source\\project\\pdf-editor\\.venv\\Lib\\site-packages\\PyInstaller\\hooks\\rthooks'
217579 INFO: Including run-time hook 'pyi_rth_pyside6.py' from 'C:\\Users\\0120025-Z100\\source\\project\\pdf-editor\\.venv\\Lib\\site-packages\\PyInstaller\\hooks\\rthooks'
217584 INFO: Processing pre-find-module-path hook 'hook-_pyi_rth_utils.py' from 'C:\\Users\\0120025-Z100\\source\\project\\pdf-editor\\.venv\\Lib\\site-packages\\PyInstaller\\hooks\\pre_find_module_path'
217590 INFO: Processing standard module hook 'hook-_pyi_rth_utils.py' from 'C:\\Users\\0120025-Z100\\source\\project\\pdf-editor\\.venv\\Lib\\site-packages\\PyInstaller\\hooks'
217599 INFO: Including run-time hook 'pyi_rth_setuptools.py' from 'C:\\Users\\0120025-Z100\\source\\project\\pdf-editor\\.venv\\Lib\\site-packages\\PyInstaller\\hooks\\rthooks'
217792 INFO: Creating base_library.zip...
217844 INFO: Looking for dynamic libraries
220248 INFO: Extra DLL search directories (AddDllDirectory): ['C:\\Users\\0120025-Z100\\source\\project\\pdf-editor\\.venv\\Lib\\site-packages\\shiboken6']
220248 INFO: Extra DLL search directories (PATH): ['C:\\Users\\0120025-Z100\\source\\project\\pdf-editor\\.venv\\Lib\\site-packages\\PySide6']
242756 WARNING: Library not found: could not resolve 'MIMAPI64.dll', dependency of 'C:\\Users\\0120025-Z100\\source\\project\\pdf-editor\\.venv\\Lib\\site-packages\\PySide6\\plugins\\sqldrivers\\qsqlmimer.dll'.
242763 WARNING: Library not found: could not resolve 'LIBPQ.dll', dependency of 'C:\\Users\\0120025-Z100\\source\\project\\pdf-editor\\.venv\\Lib\\site-packages\\PySide6\\plugins\\sqldrivers\\qsqlpsql.dll'.
242961 WARNING: Library not found: could not resolve 'Qt63DQuickScene3D.dll', dependency of 'C:\\Users\\0120025-Z100\\source\\project\\pdf-editor\\.venv\\Lib\\site-packages\\PySide6\\qml\\QtQuick\\Scene3D\\qtquickscene3dplugin.dll'.
244536 INFO: Warnings written to C:\Users\0120025-Z100\source\project\pdf-editor\build\pdf_editor\warn-pdf_editor.txt
244609 INFO: Graph cross-reference written to C:\Users\0120025-Z100\source\project\pdf-editor\build\pdf_editor\xref-pdf_editor.html
244900 INFO: checking PYZ
244906 INFO: Building because toc changed
244906 INFO: Building PYZ (ZlibArchive) C:\Users\0120025-Z100\source\project\pdf-editor\build\pdf_editor\PYZ-00.pyz
245829 INFO: Building PYZ (ZlibArchive) C:\Users\0120025-Z100\source\project\pdf-editor\build\pdf_editor\PYZ-00.pyz completed successfully.
245851 INFO: checking PKG
245853 INFO: Building because C:\Users\0120025-Z100\source\project\pdf-editor\build\pdf_editor\PYZ-00.pyz changed
245853 INFO: Building PKG (CArchive) PDF_Editor.pkg
245886 INFO: Building PKG (CArchive) PDF_Editor.pkg completed successfully.
245889 INFO: Bootloader C:\Users\0120025-Z100\source\project\pdf-editor\.venv\Lib\site-packages\PyInstaller\bootloader\Windows-64bit-intel\runw.exe
245889 INFO: checking EXE
245891 INFO: Rebuilding EXE-00.toc because pkg is more recent
245891 INFO: Building EXE from EXE-00.toc
245894 INFO: Copying bootloader EXE to C:\Users\0120025-Z100\source\project\pdf-editor\build\pdf_editor\PDF_Editor.exe
245928 INFO: Copying icon to EXE
245945 INFO: Copying 0 resources to EXE
245945 INFO: Embedding manifest in EXE
245969 INFO: Appending PKG archive to EXE
246002 INFO: Fixing EXE headers
246161 INFO: Building EXE from EXE-00.toc completed successfully.
246203 INFO: checking COLLECT
246244 INFO: Removing dir C:\Users\0120025-Z100\source\project\pdf-editor\dist\PDF_Editor
249864 INFO: Building COLLECT COLLECT-00.toc
272972 INFO: Building COLLECT COLLECT-00.toc completed successfully.
273066 INFO: Build complete! The results are available in: C:\Users\0120025-Z100\source\project\pdf-editor\dist
