754 INFO: PyInstaller: 6.20.0, contrib hooks: 2026.5
755 INFO: Python: 3.13.12
834 INFO: Platform: Windows-11-10.0.26100-SP0
834 INFO: Python environment: C:\Users\0120025-Z100\source\project\pdf-editor\.venv
pdf_editor.spec:7: SyntaxWarning: invalid escape sequence '\S'
  .venv\Scripts\pyinstaller.exe pdf_editor.spec
801 WARNING: Failed to collect submodules for 'PySide6.scripts.deploy_lib' because importing 'PySide6.scripts.deploy_lib' raised: ModuleNotFoundError: No module named 'project_lib'
9092 INFO: Module search paths (PYTHONPATH):
['C:\\Users\\0120025-Z100\\source\\project\\pdf-editor\\.venv\\Scripts\\pyinstaller.exe',
 'C:\\Users\\0120025-Z100\\AppData\\Local\\Programs\\Python\\Python313\\python313.zip',
 'C:\\Users\\0120025-Z100\\AppData\\Local\\Programs\\Python\\Python313\\DLLs',
 'C:\\Users\\0120025-Z100\\AppData\\Local\\Programs\\Python\\Python313\\Lib',
 'C:\\Users\\0120025-Z100\\AppData\\Local\\Programs\\Python\\Python313',
 'C:\\Users\\0120025-Z100\\source\\project\\pdf-editor\\.venv',
 'C:\\Users\\0120025-Z100\\source\\project\\pdf-editor\\.venv\\Lib\\site-packages',
 'C:\\Users\\0120025-Z100\\source\\project\\pdf-editor']
9995 INFO: Appending 'binaries' from .spec
10083 INFO: Appending 'datas' from .spec
10946 INFO: checking Analysis
11038 INFO: Building because excludes changed
11039 INFO: Looking for Python shared library...
11039 INFO: Using Python shared library: C:\Users\0120025-Z100\AppData\Local\Programs\Python\Python313\python313.dll
11039 INFO: Running Analysis Analysis-00.toc
11039 INFO: Target bytecode optimization level: 0
11039 INFO: Initializing module dependency graph...
11044 INFO: Initializing module graph hook caches...
11069 INFO: Analyzing modules for base_library.zip ...
14235 INFO: Processing standard module hook 'hook-encodings.py' from 'C:\\Users\\0120025-Z100\\source\\project\\pdf-editor\\.venv\\Lib\\site-packages\\PyInstaller\\hooks'
16804 INFO: Processing standard module hook 'hook-pickle.py' from 'C:\\Users\\0120025-Z100\\source\\project\\pdf-editor\\.venv\\Lib\\site-packages\\PyInstaller\\hooks'
17965 INFO: Processing standard module hook 'hook-heapq.py' from 'C:\\Users\\0120025-Z100\\source\\project\\pdf-editor\\.venv\\Lib\\site-packages\\PyInstaller\\hooks'
18603 INFO: Caching module dependency graph...
18639 INFO: Analyzing C:\Users\0120025-Z100\source\project\pdf-editor\main.py
18651 INFO: Processing standard module hook 'hook-PySide6.py' from 'C:\\Users\\0120025-Z100\\source\\project\\pdf-editor\\.venv\\Lib\\site-packages\\PyInstaller\\hooks'
19390 INFO: Processing standard module hook 'hook-shiboken6.py' from 'C:\\Users\\0120025-Z100\\source\\project\\pdf-editor\\.venv\\Lib\\site-packages\\PyInstaller\\hooks'
19553 INFO: Processing standard module hook 'hook-PySide6.QtNetwork.py' from 'C:\\Users\\0120025-Z100\\source\\project\\pdf-editor\\.venv\\Lib\\site-packages\\PyInstaller\\hooks'
22934 INFO: Processing standard module hook 'hook-PySide6.QtCore.py' from 'C:\\Users\\0120025-Z100\\source\\project\\pdf-editor\\.venv\\Lib\\site-packages\\PyInstaller\\hooks'
26768 INFO: Processing standard module hook 'hook-PySide6.QtWidgets.py' from 'C:\\Users\\0120025-Z100\\source\\project\\pdf-editor\\.venv\\Lib\\site-packages\\PyInstaller\\hooks'
30956 INFO: Processing standard module hook 'hook-PySide6.QtGui.py' from 'C:\\Users\\0120025-Z100\\source\\project\\pdf-editor\\.venv\\Lib\\site-packages\\PyInstaller\\hooks'
66694 INFO: Processing standard module hook 'hook-PIL.py' from 'C:\\Users\\0120025-Z100\\source\\project\\pdf-editor\\.venv\\Lib\\site-packages\\PyInstaller\\hooks'
66806 INFO: Processing standard module hook 'hook-PIL.Image.py' from 'C:\\Users\\0120025-Z100\\source\\project\\pdf-editor\\.venv\\Lib\\site-packages\\PyInstaller\\hooks'
68063 INFO: Processing standard module hook 'hook-xml.py' from 'C:\\Users\\0120025-Z100\\source\\project\\pdf-editor\\.venv\\Lib\\site-packages\\PyInstaller\\hooks'
68101 INFO: Processing standard module hook 'hook-xml.etree.cElementTree.py' from 'C:\\Users\\0120025-Z100\\source\\project\\pdf-editor\\.venv\\Lib\\site-packages\\PyInstaller\\hooks'
68319 INFO: Processing standard module hook 'hook-PIL.ImageFilter.py' from 'C:\\Users\\0120025-Z100\\source\\project\\pdf-editor\\.venv\\Lib\\site-packages\\PyInstaller\\hooks'
68683 INFO: Processing standard module hook 'hook-multiprocessing.util.py' from 'C:\\Users\\0120025-Z100\\source\\project\\pdf-editor\\.venv\\Lib\\site-packages\\PyInstaller\\hooks'
69505 INFO: Processing standard module hook 'hook-sysconfig.py' from 'C:\\Users\\0120025-Z100\\source\\project\\pdf-editor\\.venv\\Lib\\site-packages\\PyInstaller\\hooks'
69525 INFO: Processing standard module hook 'hook-_ctypes.py' from 'C:\\Users\\0120025-Z100\\source\\project\\pdf-editor\\.venv\\Lib\\site-packages\\PyInstaller\\hooks'
69657 INFO: Processing standard module hook 'hook-platform.py' from 'C:\\Users\\0120025-Z100\\source\\project\\pdf-editor\\.venv\\Lib\\site-packages\\PyInstaller\\hooks'
70044 INFO: Processing standard module hook 'hook-markdown.py' from 'C:\\Users\\0120025-Z100\\source\\project\\pdf-editor\\.venv\\Lib\\site-packages\\_pyinstaller_hooks_contrib\\stdhooks'
71332 INFO: Processing pre-safe-import-module hook 'hook-importlib_metadata.py' from 'C:\\Users\\0120025-Z100\\source\\project\\pdf-editor\\.venv\\Lib\\site-packages\\PyInstaller\\hooks\\pre_safe_import_module'
71335 INFO: SetuptoolsInfo: initializing cached setuptools info...
72950 INFO: Setuptools: 'importlib_metadata' appears to be a setuptools-vendored copy - creating alias to 'setuptools._vendor.importlib_metadata'!
72959 INFO: Processing standard module hook 'hook-setuptools.py' from 'C:\\Users\\0120025-Z100\\source\\project\\pdf-editor\\.venv\\Lib\\site-packages\\PyInstaller\\hooks'
72983 INFO: Processing pre-safe-import-module hook 'hook-distutils.py' from 'C:\\Users\\0120025-Z100\\source\\project\\pdf-editor\\.venv\\Lib\\site-packages\\PyInstaller\\hooks\\pre_safe_import_module'
73022 INFO: Processing pre-safe-import-module hook 'hook-jaraco.py' from 'C:\\Users\\0120025-Z100\\source\\project\\pdf-editor\\.venv\\Lib\\site-packages\\PyInstaller\\hooks\\pre_safe_import_module'
73023 INFO: Setuptools: 'jaraco' appears to be a full setuptools-vendored copy - creating alias to 'setuptools._vendor.jaraco'!
73037 INFO: Processing pre-safe-import-module hook 'hook-more_itertools.py' from 'C:\\Users\\0120025-Z100\\source\\project\\pdf-editor\\.venv\\Lib\\site-packages\\PyInstaller\\hooks\\pre_safe_import_module'
73038 INFO: Setuptools: 'more_itertools' appears to be a setuptools-vendored copy - creating alias to 'setuptools._vendor.more_itertools'!
73227 INFO: Processing pre-safe-import-module hook 'hook-typing_extensions.py' from 'C:\\Users\\0120025-Z100\\source\\project\\pdf-editor\\.venv\\Lib\\site-packages\\PyInstaller\\hooks\\pre_safe_import_module'
73362 INFO: Processing pre-safe-import-module hook 'hook-packaging.py' from 'C:\\Users\\0120025-Z100\\source\\project\\pdf-editor\\.venv\\Lib\\site-packages\\PyInstaller\\hooks\\pre_safe_import_module'
73690 INFO: Processing standard module hook 'hook-setuptools._vendor.jaraco.text.py' from 'C:\\Users\\0120025-Z100\\source\\project\\pdf-editor\\.venv\\Lib\\site-packages\\PyInstaller\\hooks'
73693 INFO: Processing pre-safe-import-module hook 'hook-importlib_resources.py' from 'C:\\Users\\0120025-Z100\\source\\project\\pdf-editor\\.venv\\Lib\\site-packages\\PyInstaller\\hooks\\pre_safe_import_module'
73923 INFO: Processing pre-safe-import-module hook 'hook-backports.py' from 'C:\\Users\\0120025-Z100\\source\\project\\pdf-editor\\.venv\\Lib\\site-packages\\PyInstaller\\hooks\\pre_safe_import_module'
73924 INFO: Setuptools: 'backports' appears to be a full setuptools-vendored copy - creating alias to 'setuptools._vendor.backports'!
74377 INFO: Processing pre-safe-import-module hook 'hook-tomli.py' from 'C:\\Users\\0120025-Z100\\source\\project\\pdf-editor\\.venv\\Lib\\site-packages\\PyInstaller\\hooks\\pre_safe_import_module'
74378 INFO: Setuptools: 'tomli' appears to be a setuptools-vendored copy - creating alias to 'setuptools._vendor.tomli'!
74986 INFO: Processing pre-safe-import-module hook 'hook-wheel.py' from 'C:\\Users\\0120025-Z100\\source\\project\\pdf-editor\\.venv\\Lib\\site-packages\\PyInstaller\\hooks\\pre_safe_import_module'
74987 INFO: Setuptools: 'wheel' appears to be a setuptools-vendored copy - creating alias to 'setuptools._vendor.wheel'!
75051 INFO: Processing standard module hook 'hook-setuptools._vendor.importlib_metadata.py' from 'C:\\Users\\0120025-Z100\\source\\project\\pdf-editor\\.venv\\Lib\\site-packages\\PyInstaller\\hooks'
75125 INFO: Processing pre-safe-import-module hook 'hook-zipp.py' from 'C:\\Users\\0120025-Z100\\source\\project\\pdf-editor\\.venv\\Lib\\site-packages\\PyInstaller\\hooks\\pre_safe_import_module'
75126 INFO: Setuptools: 'zipp' appears to be a setuptools-vendored copy - creating alias to 'setuptools._vendor.zipp'!
75362 INFO: Processing standard module hook 'hook-PySide6.QtWebEngineCore.py' from 'C:\\Users\\0120025-Z100\\source\\project\\pdf-editor\\.venv\\Lib\\site-packages\\PyInstaller\\hooks'
77563 INFO: Processing standard module hook 'hook-PySide6.QtWebChannel.py' from 'C:\\Users\\0120025-Z100\\source\\project\\pdf-editor\\.venv\\Lib\\site-packages\\PyInstaller\\hooks'
78692 INFO: Processing standard module hook 'hook-PySide6.QtWebEngineWidgets.py' from 'C:\\Users\\0120025-Z100\\source\\project\\pdf-editor\\.venv\\Lib\\site-packages\\PyInstaller\\hooks'
79866 INFO: Processing standard module hook 'hook-PySide6.QtPrintSupport.py' from 'C:\\Users\\0120025-Z100\\source\\project\\pdf-editor\\.venv\\Lib\\site-packages\\PyInstaller\\hooks'
81011 INFO: Analyzing hidden import 'PySide6.Qt3DAnimation'
81041 INFO: Processing standard module hook 'hook-PySide6.Qt3DAnimation.py' from 'C:\\Users\\0120025-Z100\\source\\project\\pdf-editor\\.venv\\Lib\\site-packages\\PyInstaller\\hooks'
82112 INFO: Processing standard module hook 'hook-PySide6.Qt3DCore.py' from 'C:\\Users\\0120025-Z100\\source\\project\\pdf-editor\\.venv\\Lib\\site-packages\\PyInstaller\\hooks'
83744 INFO: Processing standard module hook 'hook-PySide6.Qt3DRender.py' from 'C:\\Users\\0120025-Z100\\source\\project\\pdf-editor\\.venv\\Lib\\site-packages\\PyInstaller\\hooks'
90137 INFO: Processing standard module hook 'hook-PySide6.QtOpenGL.py' from 'C:\\Users\\0120025-Z100\\source\\project\\pdf-editor\\.venv\\Lib\\site-packages\\PyInstaller\\hooks'
94790 INFO: Analyzing hidden import 'PySide6.Qt3DExtras'
94857 INFO: Processing standard module hook 'hook-PySide6.Qt3DExtras.py' from 'C:\\Users\\0120025-Z100\\source\\project\\pdf-editor\\.venv\\Lib\\site-packages\\PyInstaller\\hooks'
96178 INFO: Analyzing hidden import 'PySide6.Qt3DInput'
96201 INFO: Processing standard module hook 'hook-PySide6.Qt3DInput.py' from 'C:\\Users\\0120025-Z100\\source\\project\\pdf-editor\\.venv\\Lib\\site-packages\\PyInstaller\\hooks'
97273 INFO: Analyzing hidden import 'PySide6.Qt3DLogic'
97277 INFO: Processing standard module hook 'hook-PySide6.Qt3DLogic.py' from 'C:\\Users\\0120025-Z100\\source\\project\\pdf-editor\\.venv\\Lib\\site-packages\\PyInstaller\\hooks'
98332 INFO: Analyzing hidden import 'PySide6.QtAsyncio'
99185 INFO: Analyzing hidden import 'PySide6.QtAxContainer'
99205 INFO: Processing standard module hook 'hook-PySide6.QtAxContainer.py' from 'C:\\Users\\0120025-Z100\\source\\project\\pdf-editor\\.venv\\Lib\\site-packages\\PyInstaller\\hooks'
100166 INFO: Analyzing hidden import 'PySide6.QtBluetooth'
100237 INFO: Processing standard module hook 'hook-PySide6.QtBluetooth.py' from 'C:\\Users\\0120025-Z100\\source\\project\\pdf-editor\\.venv\\Lib\\site-packages\\PyInstaller\\hooks'
101251 INFO: Analyzing hidden import 'PySide6.QtCharts'
101390 INFO: Processing standard module hook 'hook-PySide6.QtCharts.py' from 'C:\\Users\\0120025-Z100\\source\\project\\pdf-editor\\.venv\\Lib\\site-packages\\PyInstaller\\hooks'
102795 INFO: Analyzing hidden import 'PySide6.QtConcurrent'
102802 INFO: Processing standard module hook 'hook-PySide6.QtConcurrent.py' from 'C:\\Users\\0120025-Z100\\source\\project\\pdf-editor\\.venv\\Lib\\site-packages\\PyInstaller\\hooks'
103614 INFO: Analyzing hidden import 'PySide6.QtDBus'
103649 INFO: Processing standard module hook 'hook-PySide6.QtDBus.py' from 'C:\\Users\\0120025-Z100\\source\\project\\pdf-editor\\.venv\\Lib\\site-packages\\PyInstaller\\hooks'
104601 INFO: Analyzing hidden import 'PySide6.QtDataVisualization'
104710 INFO: Processing standard module hook 'hook-PySide6.QtDataVisualization.py' from 'C:\\Users\\0120025-Z100\\source\\project\\pdf-editor\\.venv\\Lib\\site-packages\\PyInstaller\\hooks'
106038 INFO: Analyzing hidden import 'PySide6.QtDesigner'
106074 INFO: Processing standard module hook 'hook-PySide6.QtDesigner.py' from 'C:\\Users\\0120025-Z100\\source\\project\\pdf-editor\\.venv\\Lib\\site-packages\\PyInstaller\\hooks'
108025 INFO: Analyzing hidden import 'PySide6.QtExampleIcons'
108025 INFO: Analyzing hidden import 'PySide6.QtGraphs'
108159 INFO: Processing standard module hook 'hook-PySide6.QtGraphs.py' from 'C:\\Users\\0120025-Z100\\source\\project\\pdf-editor\\.venv\\Lib\\site-packages\\PyInstaller\\hooks'
109604 INFO: Processing standard module hook 'hook-PySide6.QtQml.py' from 'C:\\Users\\0120025-Z100\\source\\project\\pdf-editor\\.venv\\Lib\\site-packages\\PyInstaller\\hooks'
141352 INFO: Analyzing hidden import 'PySide6.QtGraphsWidgets'
141378 INFO: Processing standard module hook 'hook-PySide6.QtGraphsWidgets.py' from 'C:\\Users\\0120025-Z100\\source\\project\\pdf-editor\\.venv\\Lib\\site-packages\\PyInstaller\\hooks'
142504 INFO: Processing standard module hook 'hook-PySide6.QtQuick.py' from 'C:\\Users\\0120025-Z100\\source\\project\\pdf-editor\\.venv\\Lib\\site-packages\\PyInstaller\\hooks'
144423 INFO: Processing standard module hook 'hook-PySide6.QtQuickWidgets.py' from 'C:\\Users\\0120025-Z100\\source\\project\\pdf-editor\\.venv\\Lib\\site-packages\\PyInstaller\\hooks'
145381 INFO: Analyzing hidden import 'PySide6.QtHelp'
145399 INFO: Processing standard module hook 'hook-PySide6.QtHelp.py' from 'C:\\Users\\0120025-Z100\\source\\project\\pdf-editor\\.venv\\Lib\\site-packages\\PyInstaller\\hooks'
146295 INFO: Analyzing hidden import 'PySide6.QtHttpServer'
146308 INFO: Processing standard module hook 'hook-PySide6.QtHttpServer.py' from 'C:\\Users\\0120025-Z100\\source\\project\\pdf-editor\\.venv\\Lib\\site-packages\\PyInstaller\\hooks'
147306 INFO: Analyzing hidden import 'PySide6.QtLocation'
147361 INFO: Processing standard module hook 'hook-PySide6.QtLocation.py' from 'C:\\Users\\0120025-Z100\\source\\project\\pdf-editor\\.venv\\Lib\\site-packages\\PyInstaller\\hooks'
149664 INFO: Processing standard module hook 'hook-PySide6.QtPositioning.py' from 'C:\\Users\\0120025-Z100\\source\\project\\pdf-editor\\.venv\\Lib\\site-packages\\PyInstaller\\hooks'
151970 INFO: Analyzing hidden import 'PySide6.QtMultimedia'
152097 INFO: Processing standard module hook 'hook-PySide6.QtMultimedia.py' from 'C:\\Users\\0120025-Z100\\source\\project\\pdf-editor\\.venv\\Lib\\site-packages\\PyInstaller\\hooks'
154771 INFO: Analyzing hidden import 'PySide6.QtMultimediaWidgets'
154776 INFO: Processing standard module hook 'hook-PySide6.QtMultimediaWidgets.py' from 'C:\\Users\\0120025-Z100\\source\\project\\pdf-editor\\.venv\\Lib\\site-packages\\PyInstaller\\hooks'
155737 INFO: Analyzing hidden import 'PySide6.QtNetworkAuth'
155757 INFO: Processing standard module hook 'hook-PySide6.QtNetworkAuth.py' from 'C:\\Users\\0120025-Z100\\source\\project\\pdf-editor\\.venv\\Lib\\site-packages\\PyInstaller\\hooks'
156723 INFO: Analyzing hidden import 'PySide6.QtNfc'
156742 INFO: Processing standard module hook 'hook-PySide6.QtNfc.py' from 'C:\\Users\\0120025-Z100\\source\\project\\pdf-editor\\.venv\\Lib\\site-packages\\PyInstaller\\hooks'
157770 INFO: Analyzing hidden import 'PySide6.QtOpenGLWidgets'
157774 INFO: Processing standard module hook 'hook-PySide6.QtOpenGLWidgets.py' from 'C:\\Users\\0120025-Z100\\source\\project\\pdf-editor\\.venv\\Lib\\site-packages\\PyInstaller\\hooks'
158791 INFO: Analyzing hidden import 'PySide6.QtPdf'
158812 INFO: Processing standard module hook 'hook-PySide6.QtPdf.py' from 'C:\\Users\\0120025-Z100\\source\\project\\pdf-editor\\.venv\\Lib\\site-packages\\PyInstaller\\hooks'
160065 INFO: Analyzing hidden import 'PySide6.QtPdfWidgets'
160075 INFO: Processing standard module hook 'hook-PySide6.QtPdfWidgets.py' from 'C:\\Users\\0120025-Z100\\source\\project\\pdf-editor\\.venv\\Lib\\site-packages\\PyInstaller\\hooks'
161011 INFO: Analyzing hidden import 'PySide6.QtQuick3D'
161032 INFO: Processing standard module hook 'hook-PySide6.QtQuick3D.py' from 'C:\\Users\\0120025-Z100\\source\\project\\pdf-editor\\.venv\\Lib\\site-packages\\PyInstaller\\hooks'
162076 INFO: Analyzing hidden import 'PySide6.QtQuickControls2'
162079 INFO: Processing standard module hook 'hook-PySide6.QtQuickControls2.py' from 'C:\\Users\\0120025-Z100\\source\\project\\pdf-editor\\.venv\\Lib\\site-packages\\PyInstaller\\hooks'
162978 INFO: Analyzing hidden import 'PySide6.QtQuickTest'
162983 INFO: Analyzing hidden import 'PySide6.QtRemoteObjects'
163004 INFO: Processing standard module hook 'hook-PySide6.QtRemoteObjects.py' from 'C:\\Users\\0120025-Z100\\source\\project\\pdf-editor\\.venv\\Lib\\site-packages\\PyInstaller\\hooks'
163883 INFO: Analyzing hidden import 'PySide6.QtScxml'
163901 INFO: Processing standard module hook 'hook-PySide6.QtScxml.py' from 'C:\\Users\\0120025-Z100\\source\\project\\pdf-editor\\.venv\\Lib\\site-packages\\PyInstaller\\hooks'
164927 INFO: Analyzing hidden import 'PySide6.QtSensors'
164961 INFO: Processing standard module hook 'hook-PySide6.QtSensors.py' from 'C:\\Users\\0120025-Z100\\source\\project\\pdf-editor\\.venv\\Lib\\site-packages\\PyInstaller\\hooks'
166222 INFO: Analyzing hidden import 'PySide6.QtSerialBus'
166269 INFO: Processing standard module hook 'hook-PySide6.QtSerialBus.py' from 'C:\\Users\\0120025-Z100\\source\\project\\pdf-editor\\.venv\\Lib\\site-packages\\PyInstaller\\hooks'
168400 INFO: Analyzing hidden import 'PySide6.QtSerialPort'
168410 INFO: Processing standard module hook 'hook-PySide6.QtSerialPort.py' from 'C:\\Users\\0120025-Z100\\source\\project\\pdf-editor\\.venv\\Lib\\site-packages\\PyInstaller\\hooks'
169500 INFO: Analyzing hidden import 'PySide6.QtSpatialAudio'
169513 INFO: Processing standard module hook 'hook-PySide6.QtSpatialAudio.py' from 'C:\\Users\\0120025-Z100\\source\\project\\pdf-editor\\.venv\\Lib\\site-packages\\PyInstaller\\hooks'
170628 INFO: Analyzing hidden import 'PySide6.QtSql'
170666 INFO: Processing standard module hook 'hook-PySide6.QtSql.py' from 'C:\\Users\\0120025-Z100\\source\\project\\pdf-editor\\.venv\\Lib\\site-packages\\PyInstaller\\hooks'
172194 INFO: Analyzing hidden import 'PySide6.QtStateMachine'
172210 INFO: Processing standard module hook 'hook-PySide6.QtStateMachine.py' from 'C:\\Users\\0120025-Z100\\source\\project\\pdf-editor\\.venv\\Lib\\site-packages\\PyInstaller\\hooks'
173131 INFO: Analyzing hidden import 'PySide6.QtSvg'
173139 INFO: Processing standard module hook 'hook-PySide6.QtSvg.py' from 'C:\\Users\\0120025-Z100\\source\\project\\pdf-editor\\.venv\\Lib\\site-packages\\PyInstaller\\hooks'
174069 INFO: Analyzing hidden import 'PySide6.QtSvgWidgets'
174074 INFO: Processing standard module hook 'hook-PySide6.QtSvgWidgets.py' from 'C:\\Users\\0120025-Z100\\source\\project\\pdf-editor\\.venv\\Lib\\site-packages\\PyInstaller\\hooks'
175083 INFO: Analyzing hidden import 'PySide6.QtTest'
175104 INFO: Processing standard module hook 'hook-PySide6.QtTest.py' from 'C:\\Users\\0120025-Z100\\source\\project\\pdf-editor\\.venv\\Lib\\site-packages\\PyInstaller\\hooks'
176464 INFO: Analyzing hidden import 'PySide6.QtTextToSpeech'
176482 INFO: Processing standard module hook 'hook-PySide6.QtTextToSpeech.py' from 'C:\\Users\\0120025-Z100\\source\\project\\pdf-editor\\.venv\\Lib\\site-packages\\PyInstaller\\hooks'
177928 INFO: Analyzing hidden import 'PySide6.QtUiTools'
177933 INFO: Processing standard module hook 'hook-PySide6.QtUiTools.py' from 'C:\\Users\\0120025-Z100\\source\\project\\pdf-editor\\.venv\\Lib\\site-packages\\PyInstaller\\hooks'
178878 INFO: Analyzing hidden import 'PySide6.QtWebEngineQuick'
178885 INFO: Processing standard module hook 'hook-PySide6.QtWebEngineQuick.py' from 'C:\\Users\\0120025-Z100\\source\\project\\pdf-editor\\.venv\\Lib\\site-packages\\PyInstaller\\hooks'
179908 INFO: Analyzing hidden import 'PySide6.QtWebSockets'
179921 INFO: Processing standard module hook 'hook-PySide6.QtWebSockets.py' from 'C:\\Users\\0120025-Z100\\source\\project\\pdf-editor\\.venv\\Lib\\site-packages\\PyInstaller\\hooks'
180844 INFO: Analyzing hidden import 'PySide6.QtWebView'
180848 INFO: Analyzing hidden import 'PySide6.QtXml'
180872 INFO: Processing standard module hook 'hook-PySide6.QtXml.py' from 'C:\\Users\\0120025-Z100\\source\\project\\pdf-editor\\.venv\\Lib\\site-packages\\PyInstaller\\hooks'
181793 INFO: Analyzing hidden import 'PySide6._config'
181796 INFO: Analyzing hidden import 'PySide6._git_pyside_version'
181797 INFO: Analyzing hidden import 'PySide6.scripts'
181799 INFO: Analyzing hidden import 'PySide6.scripts.deploy'
181809 INFO: Analyzing hidden import 'PySide6.scripts.metaobjectdump'
181827 INFO: Analyzing hidden import 'PySide6.scripts.project'
181844 INFO: Analyzing hidden import 'PySide6.scripts.project_lib'
181870 INFO: Analyzing hidden import 'PySide6.scripts.pyside_tool'
181880 INFO: Analyzing hidden import 'PySide6.scripts.qml'
181889 INFO: Analyzing hidden import 'PySide6.scripts.qtpy2cpp'
181896 INFO: Analyzing hidden import 'PySide6.support'
181898 INFO: Analyzing hidden import 'PySide6.support.deprecated'
181900 INFO: Analyzing hidden import 'PySide6.support.generate_pyi'
181906 INFO: Analyzing hidden import 'pymupdf.__main__'
181946 INFO: Processing module hooks (post-graph stage)...
182463 INFO: Processing standard module hook 'hook-PIL.SpiderImagePlugin.py' from 'C:\\Users\\0120025-Z100\\source\\project\\pdf-editor\\.venv\\Lib\\site-packages\\PyInstaller\\hooks'
183346 INFO: Processing standard module hook 'hook-difflib.py' from 'C:\\Users\\0120025-Z100\\source\\project\\pdf-editor\\.venv\\Lib\\site-packages\\PyInstaller\\hooks'
183700 INFO: Performing binary vs. data reclassification (3557 entries)
186244 INFO: Looking for ctypes DLLs
186308 INFO: Analyzing run-time hooks ...
186311 INFO: Including run-time hook 'pyi_rth_inspect.py' from 'C:\\Users\\0120025-Z100\\source\\project\\pdf-editor\\.venv\\Lib\\site-packages\\PyInstaller\\hooks\\rthooks'
186316 INFO: Including run-time hook 'pyi_rth_multiprocessing.py' from 'C:\\Users\\0120025-Z100\\source\\project\\pdf-editor\\.venv\\Lib\\site-packages\\PyInstaller\\hooks\\rthooks'
186319 INFO: Including run-time hook 'pyi_rth_pkgutil.py' from 'C:\\Users\\0120025-Z100\\source\\project\\pdf-editor\\.venv\\Lib\\site-packages\\PyInstaller\\hooks\\rthooks'
186323 INFO: Including run-time hook 'pyi_rth_pyside6.py' from 'C:\\Users\\0120025-Z100\\source\\project\\pdf-editor\\.venv\\Lib\\site-packages\\PyInstaller\\hooks\\rthooks'
186326 INFO: Processing pre-find-module-path hook 'hook-_pyi_rth_utils.py' from 'C:\\Users\\0120025-Z100\\source\\project\\pdf-editor\\.venv\\Lib\\site-packages\\PyInstaller\\hooks\\pre_find_module_path'
186330 INFO: Processing standard module hook 'hook-_pyi_rth_utils.py' from 'C:\\Users\\0120025-Z100\\source\\project\\pdf-editor\\.venv\\Lib\\site-packages\\PyInstaller\\hooks'
186334 INFO: Including run-time hook 'pyi_rth_setuptools.py' from 'C:\\Users\\0120025-Z100\\source\\project\\pdf-editor\\.venv\\Lib\\site-packages\\PyInstaller\\hooks\\rthooks'
186419 INFO: Creating base_library.zip...
186453 INFO: Looking for dynamic libraries
188400 INFO: Extra DLL search directories (AddDllDirectory): ['C:\\Users\\0120025-Z100\\source\\project\\pdf-editor\\.venv\\Lib\\site-packages\\shiboken6']
188401 INFO: Extra DLL search directories (PATH): ['C:\\Users\\0120025-Z100\\source\\project\\pdf-editor\\.venv\\Lib\\site-packages\\PySide6']
214216 WARNING: Library not found: could not resolve 'MIMAPI64.dll', dependency of 'C:\\Users\\0120025-Z100\\source\\project\\pdf-editor\\.venv\\Lib\\site-packages\\PySide6\\plugins\\sqldrivers\\qsqlmimer.dll'.
214220 WARNING: Library not found: could not resolve 'LIBPQ.dll', dependency of 'C:\\Users\\0120025-Z100\\source\\project\\pdf-editor\\.venv\\Lib\\site-packages\\PySide6\\plugins\\sqldrivers\\qsqlpsql.dll'.
214335 WARNING: Library not found: could not resolve 'Qt63DQuickScene3D.dll', dependency of 'C:\\Users\\0120025-Z100\\source\\project\\pdf-editor\\.venv\\Lib\\site-packages\\PySide6\\qml\\QtQuick\\Scene3D\\qtquickscene3dplugin.dll'.
216020 INFO: Warnings written to C:\Users\0120025-Z100\source\project\pdf-editor\build\pdf_editor\warn-pdf_editor.txt
216154 INFO: Graph cross-reference written to C:\Users\0120025-Z100\source\project\pdf-editor\build\pdf_editor\xref-pdf_editor.html
216436 INFO: checking PYZ
216443 INFO: Building because toc changed
216443 INFO: Building PYZ (ZlibArchive) C:\Users\0120025-Z100\source\project\pdf-editor\build\pdf_editor\PYZ-00.pyz
217355 INFO: Building PYZ (ZlibArchive) C:\Users\0120025-Z100\source\project\pdf-editor\build\pdf_editor\PYZ-00.pyz completed successfully.
217379 INFO: checking PKG
217381 INFO: Building because C:\Users\0120025-Z100\source\project\pdf-editor\build\pdf_editor\PYZ-00.pyz changed
217381 INFO: Building PKG (CArchive) PDF_Editor.pkg
217416 INFO: Building PKG (CArchive) PDF_Editor.pkg completed successfully.
217418 INFO: Bootloader C:\Users\0120025-Z100\source\project\pdf-editor\.venv\Lib\site-packages\PyInstaller\bootloader\Windows-64bit-intel\runw.exe
217418 INFO: checking EXE
217421 INFO: Rebuilding EXE-00.toc because pkg is more recent
217421 INFO: Building EXE from EXE-00.toc
217424 INFO: Copying bootloader EXE to C:\Users\0120025-Z100\source\project\pdf-editor\build\pdf_editor\PDF_Editor.exe
217458 INFO: Copying icon to EXE
217481 INFO: Copying 0 resources to EXE
217481 INFO: Embedding manifest in EXE
217499 INFO: Appending PKG archive to EXE
217534 INFO: Fixing EXE headers
217657 INFO: Building EXE from EXE-00.toc completed successfully.
217695 INFO: checking COLLECT
217760 INFO: Removing dir C:\Users\0120025-Z100\source\project\pdf-editor\dist\PDF_Editor
222454 INFO: Building COLLECT COLLECT-00.toc
250880 INFO: Building COLLECT COLLECT-00.toc completed successfully.
250976 INFO: Build complete! The results are available in: C:\Users\0120025-Z100\source\project\pdf-editor\dist
