415 INFO: PyInstaller: 6.20.0, contrib hooks: 2026.5
416 INFO: Python: 3.13.12
500 INFO: Platform: Windows-11-10.0.26100-SP0
500 INFO: Python environment: C:\Users\0120025-Z100\source\project\pdf-editor\.venv
pdf_editor.spec:7: SyntaxWarning: invalid escape sequence '\S'
  .venv\Scripts\pyinstaller.exe pdf_editor.spec
584 WARNING: Failed to collect submodules for 'PySide6.scripts.deploy_lib' because importing 'PySide6.scripts.deploy_lib' raised: ModuleNotFoundError: No module named 'project_lib'
6672 INFO: Module search paths (PYTHONPATH):
['C:\\Users\\0120025-Z100\\source\\project\\pdf-editor\\.venv\\Scripts\\pyinstaller.exe',
 'C:\\Users\\0120025-Z100\\AppData\\Local\\Programs\\Python\\Python313\\python313.zip',
 'C:\\Users\\0120025-Z100\\AppData\\Local\\Programs\\Python\\Python313\\DLLs',
 'C:\\Users\\0120025-Z100\\AppData\\Local\\Programs\\Python\\Python313\\Lib',
 'C:\\Users\\0120025-Z100\\AppData\\Local\\Programs\\Python\\Python313',
 'C:\\Users\\0120025-Z100\\source\\project\\pdf-editor\\.venv',
 'C:\\Users\\0120025-Z100\\source\\project\\pdf-editor\\.venv\\Lib\\site-packages',
 'C:\\Users\\0120025-Z100\\source\\project\\pdf-editor']
7490 INFO: Appending 'binaries' from .spec
7558 INFO: Appending 'datas' from .spec
8276 INFO: checking Analysis
8361 INFO: Building because excludes changed
8361 INFO: Looking for Python shared library...
8361 INFO: Using Python shared library: C:\Users\0120025-Z100\AppData\Local\Programs\Python\Python313\python313.dll
8361 INFO: Running Analysis Analysis-00.toc
8362 INFO: Target bytecode optimization level: 0
8362 INFO: Initializing module dependency graph...
8366 INFO: Initializing module graph hook caches...
8387 INFO: Analyzing modules for base_library.zip ...
11251 INFO: Processing standard module hook 'hook-encodings.py' from 'C:\\Users\\0120025-Z100\\source\\project\\pdf-editor\\.venv\\Lib\\site-packages\\PyInstaller\\hooks'
13640 INFO: Processing standard module hook 'hook-pickle.py' from 'C:\\Users\\0120025-Z100\\source\\project\\pdf-editor\\.venv\\Lib\\site-packages\\PyInstaller\\hooks'
15380 INFO: Processing standard module hook 'hook-heapq.py' from 'C:\\Users\\0120025-Z100\\source\\project\\pdf-editor\\.venv\\Lib\\site-packages\\PyInstaller\\hooks'
16156 INFO: Caching module dependency graph...
16197 INFO: Analyzing C:\Users\0120025-Z100\source\project\pdf-editor\main.py
16208 INFO: Processing standard module hook 'hook-PySide6.py' from 'C:\\Users\\0120025-Z100\\source\\project\\pdf-editor\\.venv\\Lib\\site-packages\\PyInstaller\\hooks'
16918 INFO: Processing standard module hook 'hook-shiboken6.py' from 'C:\\Users\\0120025-Z100\\source\\project\\pdf-editor\\.venv\\Lib\\site-packages\\PyInstaller\\hooks'
17099 INFO: Processing standard module hook 'hook-PySide6.QtNetwork.py' from 'C:\\Users\\0120025-Z100\\source\\project\\pdf-editor\\.venv\\Lib\\site-packages\\PyInstaller\\hooks'
21115 INFO: Processing standard module hook 'hook-PySide6.QtCore.py' from 'C:\\Users\\0120025-Z100\\source\\project\\pdf-editor\\.venv\\Lib\\site-packages\\PyInstaller\\hooks'
24966 INFO: Processing standard module hook 'hook-PySide6.QtWidgets.py' from 'C:\\Users\\0120025-Z100\\source\\project\\pdf-editor\\.venv\\Lib\\site-packages\\PyInstaller\\hooks'
28929 INFO: Processing standard module hook 'hook-PySide6.QtGui.py' from 'C:\\Users\\0120025-Z100\\source\\project\\pdf-editor\\.venv\\Lib\\site-packages\\PyInstaller\\hooks'
60784 INFO: Processing standard module hook 'hook-PIL.py' from 'C:\\Users\\0120025-Z100\\source\\project\\pdf-editor\\.venv\\Lib\\site-packages\\PyInstaller\\hooks'
60953 INFO: Processing standard module hook 'hook-PIL.Image.py' from 'C:\\Users\\0120025-Z100\\source\\project\\pdf-editor\\.venv\\Lib\\site-packages\\PyInstaller\\hooks'
61905 INFO: Processing standard module hook 'hook-xml.py' from 'C:\\Users\\0120025-Z100\\source\\project\\pdf-editor\\.venv\\Lib\\site-packages\\PyInstaller\\hooks'
61937 INFO: Processing standard module hook 'hook-xml.etree.cElementTree.py' from 'C:\\Users\\0120025-Z100\\source\\project\\pdf-editor\\.venv\\Lib\\site-packages\\PyInstaller\\hooks'
62126 INFO: Processing standard module hook 'hook-PIL.ImageFilter.py' from 'C:\\Users\\0120025-Z100\\source\\project\\pdf-editor\\.venv\\Lib\\site-packages\\PyInstaller\\hooks'
62435 INFO: Processing standard module hook 'hook-multiprocessing.util.py' from 'C:\\Users\\0120025-Z100\\source\\project\\pdf-editor\\.venv\\Lib\\site-packages\\PyInstaller\\hooks'
63113 INFO: Processing standard module hook 'hook-sysconfig.py' from 'C:\\Users\\0120025-Z100\\source\\project\\pdf-editor\\.venv\\Lib\\site-packages\\PyInstaller\\hooks'
63122 INFO: Processing standard module hook 'hook-_ctypes.py' from 'C:\\Users\\0120025-Z100\\source\\project\\pdf-editor\\.venv\\Lib\\site-packages\\PyInstaller\\hooks'
63193 INFO: Processing standard module hook 'hook-platform.py' from 'C:\\Users\\0120025-Z100\\source\\project\\pdf-editor\\.venv\\Lib\\site-packages\\PyInstaller\\hooks'
63488 INFO: Processing standard module hook 'hook-markdown.py' from 'C:\\Users\\0120025-Z100\\source\\project\\pdf-editor\\.venv\\Lib\\site-packages\\_pyinstaller_hooks_contrib\\stdhooks'
64608 INFO: Processing pre-safe-import-module hook 'hook-importlib_metadata.py' from 'C:\\Users\\0120025-Z100\\source\\project\\pdf-editor\\.venv\\Lib\\site-packages\\PyInstaller\\hooks\\pre_safe_import_module'
64610 INFO: SetuptoolsInfo: initializing cached setuptools info...
66048 INFO: Setuptools: 'importlib_metadata' appears to be a setuptools-vendored copy - creating alias to 'setuptools._vendor.importlib_metadata'!
66060 INFO: Processing standard module hook 'hook-setuptools.py' from 'C:\\Users\\0120025-Z100\\source\\project\\pdf-editor\\.venv\\Lib\\site-packages\\PyInstaller\\hooks'
66095 INFO: Processing pre-safe-import-module hook 'hook-distutils.py' from 'C:\\Users\\0120025-Z100\\source\\project\\pdf-editor\\.venv\\Lib\\site-packages\\PyInstaller\\hooks\\pre_safe_import_module'
66142 INFO: Processing pre-safe-import-module hook 'hook-jaraco.py' from 'C:\\Users\\0120025-Z100\\source\\project\\pdf-editor\\.venv\\Lib\\site-packages\\PyInstaller\\hooks\\pre_safe_import_module'
66142 INFO: Setuptools: 'jaraco' appears to be a full setuptools-vendored copy - creating alias to 'setuptools._vendor.jaraco'!
66157 INFO: Processing pre-safe-import-module hook 'hook-more_itertools.py' from 'C:\\Users\\0120025-Z100\\source\\project\\pdf-editor\\.venv\\Lib\\site-packages\\PyInstaller\\hooks\\pre_safe_import_module'
66158 INFO: Setuptools: 'more_itertools' appears to be a setuptools-vendored copy - creating alias to 'setuptools._vendor.more_itertools'!
66345 INFO: Processing pre-safe-import-module hook 'hook-typing_extensions.py' from 'C:\\Users\\0120025-Z100\\source\\project\\pdf-editor\\.venv\\Lib\\site-packages\\PyInstaller\\hooks\\pre_safe_import_module'
66477 INFO: Processing pre-safe-import-module hook 'hook-packaging.py' from 'C:\\Users\\0120025-Z100\\source\\project\\pdf-editor\\.venv\\Lib\\site-packages\\PyInstaller\\hooks\\pre_safe_import_module'
66785 INFO: Processing standard module hook 'hook-setuptools._vendor.jaraco.text.py' from 'C:\\Users\\0120025-Z100\\source\\project\\pdf-editor\\.venv\\Lib\\site-packages\\PyInstaller\\hooks'
66787 INFO: Processing pre-safe-import-module hook 'hook-importlib_resources.py' from 'C:\\Users\\0120025-Z100\\source\\project\\pdf-editor\\.venv\\Lib\\site-packages\\PyInstaller\\hooks\\pre_safe_import_module'
67033 INFO: Processing pre-safe-import-module hook 'hook-backports.py' from 'C:\\Users\\0120025-Z100\\source\\project\\pdf-editor\\.venv\\Lib\\site-packages\\PyInstaller\\hooks\\pre_safe_import_module'
67033 INFO: Setuptools: 'backports' appears to be a full setuptools-vendored copy - creating alias to 'setuptools._vendor.backports'!
67511 INFO: Processing pre-safe-import-module hook 'hook-tomli.py' from 'C:\\Users\\0120025-Z100\\source\\project\\pdf-editor\\.venv\\Lib\\site-packages\\PyInstaller\\hooks\\pre_safe_import_module'
67512 INFO: Setuptools: 'tomli' appears to be a setuptools-vendored copy - creating alias to 'setuptools._vendor.tomli'!
68166 INFO: Processing pre-safe-import-module hook 'hook-wheel.py' from 'C:\\Users\\0120025-Z100\\source\\project\\pdf-editor\\.venv\\Lib\\site-packages\\PyInstaller\\hooks\\pre_safe_import_module'
68166 INFO: Setuptools: 'wheel' appears to be a setuptools-vendored copy - creating alias to 'setuptools._vendor.wheel'!
68225 INFO: Processing standard module hook 'hook-setuptools._vendor.importlib_metadata.py' from 'C:\\Users\\0120025-Z100\\source\\project\\pdf-editor\\.venv\\Lib\\site-packages\\PyInstaller\\hooks'
68294 INFO: Processing pre-safe-import-module hook 'hook-zipp.py' from 'C:\\Users\\0120025-Z100\\source\\project\\pdf-editor\\.venv\\Lib\\site-packages\\PyInstaller\\hooks\\pre_safe_import_module'
68295 INFO: Setuptools: 'zipp' appears to be a setuptools-vendored copy - creating alias to 'setuptools._vendor.zipp'!
68521 INFO: Processing standard module hook 'hook-PySide6.QtWebEngineCore.py' from 'C:\\Users\\0120025-Z100\\source\\project\\pdf-editor\\.venv\\Lib\\site-packages\\PyInstaller\\hooks'
70546 INFO: Processing standard module hook 'hook-PySide6.QtWebChannel.py' from 'C:\\Users\\0120025-Z100\\source\\project\\pdf-editor\\.venv\\Lib\\site-packages\\PyInstaller\\hooks'
71716 INFO: Processing standard module hook 'hook-PySide6.QtWebEngineWidgets.py' from 'C:\\Users\\0120025-Z100\\source\\project\\pdf-editor\\.venv\\Lib\\site-packages\\PyInstaller\\hooks'
73029 INFO: Processing standard module hook 'hook-PySide6.QtPrintSupport.py' from 'C:\\Users\\0120025-Z100\\source\\project\\pdf-editor\\.venv\\Lib\\site-packages\\PyInstaller\\hooks'
74239 INFO: Analyzing hidden import 'PySide6.Qt3DAnimation'
74277 INFO: Processing standard module hook 'hook-PySide6.Qt3DAnimation.py' from 'C:\\Users\\0120025-Z100\\source\\project\\pdf-editor\\.venv\\Lib\\site-packages\\PyInstaller\\hooks'
75350 INFO: Processing standard module hook 'hook-PySide6.Qt3DCore.py' from 'C:\\Users\\0120025-Z100\\source\\project\\pdf-editor\\.venv\\Lib\\site-packages\\PyInstaller\\hooks'
76601 INFO: Processing standard module hook 'hook-PySide6.Qt3DRender.py' from 'C:\\Users\\0120025-Z100\\source\\project\\pdf-editor\\.venv\\Lib\\site-packages\\PyInstaller\\hooks'
83023 INFO: Processing standard module hook 'hook-PySide6.QtOpenGL.py' from 'C:\\Users\\0120025-Z100\\source\\project\\pdf-editor\\.venv\\Lib\\site-packages\\PyInstaller\\hooks'
87585 INFO: Analyzing hidden import 'PySide6.Qt3DExtras'
87665 INFO: Processing standard module hook 'hook-PySide6.Qt3DExtras.py' from 'C:\\Users\\0120025-Z100\\source\\project\\pdf-editor\\.venv\\Lib\\site-packages\\PyInstaller\\hooks'
89128 INFO: Analyzing hidden import 'PySide6.Qt3DInput'
89151 INFO: Processing standard module hook 'hook-PySide6.Qt3DInput.py' from 'C:\\Users\\0120025-Z100\\source\\project\\pdf-editor\\.venv\\Lib\\site-packages\\PyInstaller\\hooks'
90197 INFO: Analyzing hidden import 'PySide6.Qt3DLogic'
90200 INFO: Processing standard module hook 'hook-PySide6.Qt3DLogic.py' from 'C:\\Users\\0120025-Z100\\source\\project\\pdf-editor\\.venv\\Lib\\site-packages\\PyInstaller\\hooks'
91062 INFO: Analyzing hidden import 'PySide6.QtAsyncio'
91668 INFO: Analyzing hidden import 'PySide6.QtAxContainer'
91680 INFO: Processing standard module hook 'hook-PySide6.QtAxContainer.py' from 'C:\\Users\\0120025-Z100\\source\\project\\pdf-editor\\.venv\\Lib\\site-packages\\PyInstaller\\hooks'
92506 INFO: Analyzing hidden import 'PySide6.QtBluetooth'
92584 INFO: Processing standard module hook 'hook-PySide6.QtBluetooth.py' from 'C:\\Users\\0120025-Z100\\source\\project\\pdf-editor\\.venv\\Lib\\site-packages\\PyInstaller\\hooks'
94080 INFO: Analyzing hidden import 'PySide6.QtCharts'
94283 INFO: Processing standard module hook 'hook-PySide6.QtCharts.py' from 'C:\\Users\\0120025-Z100\\source\\project\\pdf-editor\\.venv\\Lib\\site-packages\\PyInstaller\\hooks'
95718 INFO: Analyzing hidden import 'PySide6.QtConcurrent'
95730 INFO: Processing standard module hook 'hook-PySide6.QtConcurrent.py' from 'C:\\Users\\0120025-Z100\\source\\project\\pdf-editor\\.venv\\Lib\\site-packages\\PyInstaller\\hooks'
96461 INFO: Analyzing hidden import 'PySide6.QtDBus'
96499 INFO: Processing standard module hook 'hook-PySide6.QtDBus.py' from 'C:\\Users\\0120025-Z100\\source\\project\\pdf-editor\\.venv\\Lib\\site-packages\\PyInstaller\\hooks'
97486 INFO: Analyzing hidden import 'PySide6.QtDataVisualization'
97599 INFO: Processing standard module hook 'hook-PySide6.QtDataVisualization.py' from 'C:\\Users\\0120025-Z100\\source\\project\\pdf-editor\\.venv\\Lib\\site-packages\\PyInstaller\\hooks'
98769 INFO: Analyzing hidden import 'PySide6.QtDesigner'
98817 INFO: Processing standard module hook 'hook-PySide6.QtDesigner.py' from 'C:\\Users\\0120025-Z100\\source\\project\\pdf-editor\\.venv\\Lib\\site-packages\\PyInstaller\\hooks'
100609 INFO: Analyzing hidden import 'PySide6.QtExampleIcons'
100610 INFO: Analyzing hidden import 'PySide6.QtGraphs'
100735 INFO: Processing standard module hook 'hook-PySide6.QtGraphs.py' from 'C:\\Users\\0120025-Z100\\source\\project\\pdf-editor\\.venv\\Lib\\site-packages\\PyInstaller\\hooks'
102156 INFO: Processing standard module hook 'hook-PySide6.QtQml.py' from 'C:\\Users\\0120025-Z100\\source\\project\\pdf-editor\\.venv\\Lib\\site-packages\\PyInstaller\\hooks'
132878 INFO: Analyzing hidden import 'PySide6.QtGraphsWidgets'
132900 INFO: Processing standard module hook 'hook-PySide6.QtGraphsWidgets.py' from 'C:\\Users\\0120025-Z100\\source\\project\\pdf-editor\\.venv\\Lib\\site-packages\\PyInstaller\\hooks'
133755 INFO: Processing standard module hook 'hook-PySide6.QtQuick.py' from 'C:\\Users\\0120025-Z100\\source\\project\\pdf-editor\\.venv\\Lib\\site-packages\\PyInstaller\\hooks'
135045 INFO: Processing standard module hook 'hook-PySide6.QtQuickWidgets.py' from 'C:\\Users\\0120025-Z100\\source\\project\\pdf-editor\\.venv\\Lib\\site-packages\\PyInstaller\\hooks'
136012 INFO: Analyzing hidden import 'PySide6.QtHelp'
136032 INFO: Processing standard module hook 'hook-PySide6.QtHelp.py' from 'C:\\Users\\0120025-Z100\\source\\project\\pdf-editor\\.venv\\Lib\\site-packages\\PyInstaller\\hooks'
137038 INFO: Analyzing hidden import 'PySide6.QtHttpServer'
137051 INFO: Processing standard module hook 'hook-PySide6.QtHttpServer.py' from 'C:\\Users\\0120025-Z100\\source\\project\\pdf-editor\\.venv\\Lib\\site-packages\\PyInstaller\\hooks'
137984 INFO: Analyzing hidden import 'PySide6.QtLocation'
138041 INFO: Processing standard module hook 'hook-PySide6.QtLocation.py' from 'C:\\Users\\0120025-Z100\\source\\project\\pdf-editor\\.venv\\Lib\\site-packages\\PyInstaller\\hooks'
139733 INFO: Processing standard module hook 'hook-PySide6.QtPositioning.py' from 'C:\\Users\\0120025-Z100\\source\\project\\pdf-editor\\.venv\\Lib\\site-packages\\PyInstaller\\hooks'
141493 INFO: Analyzing hidden import 'PySide6.QtMultimedia'
141581 INFO: Processing standard module hook 'hook-PySide6.QtMultimedia.py' from 'C:\\Users\\0120025-Z100\\source\\project\\pdf-editor\\.venv\\Lib\\site-packages\\PyInstaller\\hooks'
144121 INFO: Analyzing hidden import 'PySide6.QtMultimediaWidgets'
144126 INFO: Processing standard module hook 'hook-PySide6.QtMultimediaWidgets.py' from 'C:\\Users\\0120025-Z100\\source\\project\\pdf-editor\\.venv\\Lib\\site-packages\\PyInstaller\\hooks'
145122 INFO: Analyzing hidden import 'PySide6.QtNetworkAuth'
145144 INFO: Processing standard module hook 'hook-PySide6.QtNetworkAuth.py' from 'C:\\Users\\0120025-Z100\\source\\project\\pdf-editor\\.venv\\Lib\\site-packages\\PyInstaller\\hooks'
146350 INFO: Analyzing hidden import 'PySide6.QtNfc'
146383 INFO: Processing standard module hook 'hook-PySide6.QtNfc.py' from 'C:\\Users\\0120025-Z100\\source\\project\\pdf-editor\\.venv\\Lib\\site-packages\\PyInstaller\\hooks'
147431 INFO: Analyzing hidden import 'PySide6.QtOpenGLWidgets'
147436 INFO: Processing standard module hook 'hook-PySide6.QtOpenGLWidgets.py' from 'C:\\Users\\0120025-Z100\\source\\project\\pdf-editor\\.venv\\Lib\\site-packages\\PyInstaller\\hooks'
148446 INFO: Analyzing hidden import 'PySide6.QtPdf'
148463 INFO: Processing standard module hook 'hook-PySide6.QtPdf.py' from 'C:\\Users\\0120025-Z100\\source\\project\\pdf-editor\\.venv\\Lib\\site-packages\\PyInstaller\\hooks'
149534 INFO: Analyzing hidden import 'PySide6.QtPdfWidgets'
149544 INFO: Processing standard module hook 'hook-PySide6.QtPdfWidgets.py' from 'C:\\Users\\0120025-Z100\\source\\project\\pdf-editor\\.venv\\Lib\\site-packages\\PyInstaller\\hooks'
150416 INFO: Analyzing hidden import 'PySide6.QtQuick3D'
150430 INFO: Processing standard module hook 'hook-PySide6.QtQuick3D.py' from 'C:\\Users\\0120025-Z100\\source\\project\\pdf-editor\\.venv\\Lib\\site-packages\\PyInstaller\\hooks'
151424 INFO: Analyzing hidden import 'PySide6.QtQuickControls2'
151428 INFO: Processing standard module hook 'hook-PySide6.QtQuickControls2.py' from 'C:\\Users\\0120025-Z100\\source\\project\\pdf-editor\\.venv\\Lib\\site-packages\\PyInstaller\\hooks'
152317 INFO: Analyzing hidden import 'PySide6.QtQuickTest'
152320 INFO: Analyzing hidden import 'PySide6.QtRemoteObjects'
152338 INFO: Processing standard module hook 'hook-PySide6.QtRemoteObjects.py' from 'C:\\Users\\0120025-Z100\\source\\project\\pdf-editor\\.venv\\Lib\\site-packages\\PyInstaller\\hooks'
153357 INFO: Analyzing hidden import 'PySide6.QtScxml'
153386 INFO: Processing standard module hook 'hook-PySide6.QtScxml.py' from 'C:\\Users\\0120025-Z100\\source\\project\\pdf-editor\\.venv\\Lib\\site-packages\\PyInstaller\\hooks'
154424 INFO: Analyzing hidden import 'PySide6.QtSensors'
154457 INFO: Processing standard module hook 'hook-PySide6.QtSensors.py' from 'C:\\Users\\0120025-Z100\\source\\project\\pdf-editor\\.venv\\Lib\\site-packages\\PyInstaller\\hooks'
155676 INFO: Analyzing hidden import 'PySide6.QtSerialBus'
155719 INFO: Processing standard module hook 'hook-PySide6.QtSerialBus.py' from 'C:\\Users\\0120025-Z100\\source\\project\\pdf-editor\\.venv\\Lib\\site-packages\\PyInstaller\\hooks'
157499 INFO: Analyzing hidden import 'PySide6.QtSerialPort'
157508 INFO: Processing standard module hook 'hook-PySide6.QtSerialPort.py' from 'C:\\Users\\0120025-Z100\\source\\project\\pdf-editor\\.venv\\Lib\\site-packages\\PyInstaller\\hooks'
158825 INFO: Analyzing hidden import 'PySide6.QtSpatialAudio'
158845 INFO: Processing standard module hook 'hook-PySide6.QtSpatialAudio.py' from 'C:\\Users\\0120025-Z100\\source\\project\\pdf-editor\\.venv\\Lib\\site-packages\\PyInstaller\\hooks'
159866 INFO: Analyzing hidden import 'PySide6.QtSql'
159904 INFO: Processing standard module hook 'hook-PySide6.QtSql.py' from 'C:\\Users\\0120025-Z100\\source\\project\\pdf-editor\\.venv\\Lib\\site-packages\\PyInstaller\\hooks'
161468 INFO: Analyzing hidden import 'PySide6.QtStateMachine'
161498 INFO: Processing standard module hook 'hook-PySide6.QtStateMachine.py' from 'C:\\Users\\0120025-Z100\\source\\project\\pdf-editor\\.venv\\Lib\\site-packages\\PyInstaller\\hooks'
162526 INFO: Analyzing hidden import 'PySide6.QtSvg'
162535 INFO: Processing standard module hook 'hook-PySide6.QtSvg.py' from 'C:\\Users\\0120025-Z100\\source\\project\\pdf-editor\\.venv\\Lib\\site-packages\\PyInstaller\\hooks'
163550 INFO: Analyzing hidden import 'PySide6.QtSvgWidgets'
163558 INFO: Processing standard module hook 'hook-PySide6.QtSvgWidgets.py' from 'C:\\Users\\0120025-Z100\\source\\project\\pdf-editor\\.venv\\Lib\\site-packages\\PyInstaller\\hooks'
164592 INFO: Analyzing hidden import 'PySide6.QtTest'
164618 INFO: Processing standard module hook 'hook-PySide6.QtTest.py' from 'C:\\Users\\0120025-Z100\\source\\project\\pdf-editor\\.venv\\Lib\\site-packages\\PyInstaller\\hooks'
165569 INFO: Analyzing hidden import 'PySide6.QtTextToSpeech'
165582 INFO: Processing standard module hook 'hook-PySide6.QtTextToSpeech.py' from 'C:\\Users\\0120025-Z100\\source\\project\\pdf-editor\\.venv\\Lib\\site-packages\\PyInstaller\\hooks'
166890 INFO: Analyzing hidden import 'PySide6.QtUiTools'
166894 INFO: Processing standard module hook 'hook-PySide6.QtUiTools.py' from 'C:\\Users\\0120025-Z100\\source\\project\\pdf-editor\\.venv\\Lib\\site-packages\\PyInstaller\\hooks'
167832 INFO: Analyzing hidden import 'PySide6.QtWebEngineQuick'
167840 INFO: Processing standard module hook 'hook-PySide6.QtWebEngineQuick.py' from 'C:\\Users\\0120025-Z100\\source\\project\\pdf-editor\\.venv\\Lib\\site-packages\\PyInstaller\\hooks'
168903 INFO: Analyzing hidden import 'PySide6.QtWebSockets'
168919 INFO: Processing standard module hook 'hook-PySide6.QtWebSockets.py' from 'C:\\Users\\0120025-Z100\\source\\project\\pdf-editor\\.venv\\Lib\\site-packages\\PyInstaller\\hooks'
169814 INFO: Analyzing hidden import 'PySide6.QtWebView'
169817 INFO: Analyzing hidden import 'PySide6.QtXml'
169840 INFO: Processing standard module hook 'hook-PySide6.QtXml.py' from 'C:\\Users\\0120025-Z100\\source\\project\\pdf-editor\\.venv\\Lib\\site-packages\\PyInstaller\\hooks'
170724 INFO: Analyzing hidden import 'PySide6._config'
170726 INFO: Analyzing hidden import 'PySide6._git_pyside_version'
170728 INFO: Analyzing hidden import 'PySide6.scripts'
170729 INFO: Analyzing hidden import 'PySide6.scripts.deploy'
170738 INFO: Analyzing hidden import 'PySide6.scripts.metaobjectdump'
170754 INFO: Analyzing hidden import 'PySide6.scripts.project'
170769 INFO: Analyzing hidden import 'PySide6.scripts.project_lib'
170796 INFO: Analyzing hidden import 'PySide6.scripts.pyside_tool'
170804 INFO: Analyzing hidden import 'PySide6.scripts.qml'
170812 INFO: Analyzing hidden import 'PySide6.scripts.qtpy2cpp'
170818 INFO: Analyzing hidden import 'PySide6.support'
170819 INFO: Analyzing hidden import 'PySide6.support.deprecated'
170821 INFO: Analyzing hidden import 'PySide6.support.generate_pyi'
170826 INFO: Analyzing hidden import 'pymupdf.__main__'
170879 INFO: Processing module hooks (post-graph stage)...
171334 INFO: Processing standard module hook 'hook-PIL.SpiderImagePlugin.py' from 'C:\\Users\\0120025-Z100\\source\\project\\pdf-editor\\.venv\\Lib\\site-packages\\PyInstaller\\hooks'
172151 INFO: Processing standard module hook 'hook-difflib.py' from 'C:\\Users\\0120025-Z100\\source\\project\\pdf-editor\\.venv\\Lib\\site-packages\\PyInstaller\\hooks'
172593 INFO: Performing binary vs. data reclassification (3557 entries)
176227 INFO: Looking for ctypes DLLs
176298 INFO: Analyzing run-time hooks ...
176301 INFO: Including run-time hook 'pyi_rth_inspect.py' from 'C:\\Users\\0120025-Z100\\source\\project\\pdf-editor\\.venv\\Lib\\site-packages\\PyInstaller\\hooks\\rthooks'
176306 INFO: Including run-time hook 'pyi_rth_multiprocessing.py' from 'C:\\Users\\0120025-Z100\\source\\project\\pdf-editor\\.venv\\Lib\\site-packages\\PyInstaller\\hooks\\rthooks'
176309 INFO: Including run-time hook 'pyi_rth_pkgutil.py' from 'C:\\Users\\0120025-Z100\\source\\project\\pdf-editor\\.venv\\Lib\\site-packages\\PyInstaller\\hooks\\rthooks'
176332 INFO: Including run-time hook 'pyi_rth_pyside6.py' from 'C:\\Users\\0120025-Z100\\source\\project\\pdf-editor\\.venv\\Lib\\site-packages\\PyInstaller\\hooks\\rthooks'
176339 INFO: Processing pre-find-module-path hook 'hook-_pyi_rth_utils.py' from 'C:\\Users\\0120025-Z100\\source\\project\\pdf-editor\\.venv\\Lib\\site-packages\\PyInstaller\\hooks\\pre_find_module_path'
176351 INFO: Processing standard module hook 'hook-_pyi_rth_utils.py' from 'C:\\Users\\0120025-Z100\\source\\project\\pdf-editor\\.venv\\Lib\\site-packages\\PyInstaller\\hooks'
176361 INFO: Including run-time hook 'pyi_rth_setuptools.py' from 'C:\\Users\\0120025-Z100\\source\\project\\pdf-editor\\.venv\\Lib\\site-packages\\PyInstaller\\hooks\\rthooks'
176494 INFO: Creating base_library.zip...
176554 INFO: Looking for dynamic libraries
179036 INFO: Extra DLL search directories (AddDllDirectory): ['C:\\Users\\0120025-Z100\\source\\project\\pdf-editor\\.venv\\Lib\\site-packages\\shiboken6']
179036 INFO: Extra DLL search directories (PATH): ['C:\\Users\\0120025-Z100\\source\\project\\pdf-editor\\.venv\\Lib\\site-packages\\PySide6']
204000 WARNING: Library not found: could not resolve 'MIMAPI64.dll', dependency of 'C:\\Users\\0120025-Z100\\source\\project\\pdf-editor\\.venv\\Lib\\site-packages\\PySide6\\plugins\\sqldrivers\\qsqlmimer.dll'.
204006 WARNING: Library not found: could not resolve 'LIBPQ.dll', dependency of 'C:\\Users\\0120025-Z100\\source\\project\\pdf-editor\\.venv\\Lib\\site-packages\\PySide6\\plugins\\sqldrivers\\qsqlpsql.dll'.
204135 WARNING: Library not found: could not resolve 'Qt63DQuickScene3D.dll', dependency of 'C:\\Users\\0120025-Z100\\source\\project\\pdf-editor\\.venv\\Lib\\site-packages\\PySide6\\qml\\QtQuick\\Scene3D\\qtquickscene3dplugin.dll'.
205666 INFO: Warnings written to C:\Users\0120025-Z100\source\project\pdf-editor\build\pdf_editor\warn-pdf_editor.txt
205782 INFO: Graph cross-reference written to C:\Users\0120025-Z100\source\project\pdf-editor\build\pdf_editor\xref-pdf_editor.html
206109 INFO: checking PYZ
206318 INFO: Building because C:\Users\0120025-Z100\source\project\pdf-editor\src\pdf_editor\pdf\pdf_manager.py changed
206318 INFO: Building PYZ (ZlibArchive) C:\Users\0120025-Z100\source\project\pdf-editor\build\pdf_editor\PYZ-00.pyz
207035 INFO: Building PYZ (ZlibArchive) C:\Users\0120025-Z100\source\project\pdf-editor\build\pdf_editor\PYZ-00.pyz completed successfully.
207058 INFO: checking PKG
207060 INFO: Building because C:\Users\0120025-Z100\source\project\pdf-editor\build\pdf_editor\PYZ-00.pyz changed
207061 INFO: Building PKG (CArchive) PDF_Editor.pkg
207113 INFO: Building PKG (CArchive) PDF_Editor.pkg completed successfully.
207116 INFO: Bootloader C:\Users\0120025-Z100\source\project\pdf-editor\.venv\Lib\site-packages\PyInstaller\bootloader\Windows-64bit-intel\runw.exe
207117 INFO: checking EXE
207122 INFO: Rebuilding EXE-00.toc because pkg is more recent
207123 INFO: Building EXE from EXE-00.toc
207127 INFO: Copying bootloader EXE to C:\Users\0120025-Z100\source\project\pdf-editor\build\pdf_editor\PDF_Editor.exe
207196 INFO: Copying icon to EXE
207228 INFO: Copying 0 resources to EXE
207229 INFO: Embedding manifest in EXE
207280 INFO: Appending PKG archive to EXE
207328 INFO: Fixing EXE headers
207485 INFO: Building EXE from EXE-00.toc completed successfully.
207527 INFO: checking COLLECT
207581 INFO: Removing dir C:\Users\0120025-Z100\source\project\pdf-editor\dist\PDF_Editor
213907 INFO: Building COLLECT COLLECT-00.toc
260339 INFO: Building COLLECT COLLECT-00.toc completed successfully.
260439 INFO: Build complete! The results are available in: C:\Users\0120025-Z100\source\project\pdf-editor\dist
