1154 INFO: PyInstaller: 6.20.0, contrib hooks: 2026.5
1155 INFO: Python: 3.13.12
1294 INFO: Platform: Windows-11-10.0.26100-SP0
1295 INFO: Python environment: C:\Users\0120025-Z100\source\project\pdf-editor\.venv
pdf_editor.spec:7: SyntaxWarning: invalid escape sequence '\S'
  .venv\Scripts\pyinstaller.exe pdf_editor.spec
1064 WARNING: Failed to collect submodules for 'PySide6.scripts.deploy_lib' because importing 'PySide6.scripts.deploy_lib' raised: ModuleNotFoundError: No module named 'project_lib'
19491 INFO: Module search paths (PYTHONPATH):
['C:\\Users\\0120025-Z100\\source\\project\\pdf-editor\\.venv\\Scripts\\pyinstaller.exe',
 'C:\\Users\\0120025-Z100\\AppData\\Local\\Programs\\Python\\Python313\\python313.zip',
 'C:\\Users\\0120025-Z100\\AppData\\Local\\Programs\\Python\\Python313\\DLLs',
 'C:\\Users\\0120025-Z100\\AppData\\Local\\Programs\\Python\\Python313\\Lib',
 'C:\\Users\\0120025-Z100\\AppData\\Local\\Programs\\Python\\Python313',
 'C:\\Users\\0120025-Z100\\source\\project\\pdf-editor\\.venv',
 'C:\\Users\\0120025-Z100\\source\\project\\pdf-editor\\.venv\\Lib\\site-packages',
 'C:\\Users\\0120025-Z100\\source\\project\\pdf-editor']
21277 INFO: Appending 'binaries' from .spec
21479 INFO: Appending 'datas' from .spec
23896 INFO: checking Analysis
24037 INFO: Building because excludes changed
24037 INFO: Looking for Python shared library...
24038 INFO: Using Python shared library: C:\Users\0120025-Z100\AppData\Local\Programs\Python\Python313\python313.dll
24038 INFO: Running Analysis Analysis-00.toc
24038 INFO: Target bytecode optimization level: 0
24038 INFO: Initializing module dependency graph...
24050 INFO: Initializing module graph hook caches...
24198 INFO: Analyzing modules for base_library.zip ...
29859 INFO: Processing standard module hook 'hook-encodings.py' from 'C:\\Users\\0120025-Z100\\source\\project\\pdf-editor\\.venv\\Lib\\site-packages\\PyInstaller\\hooks'
36652 INFO: Processing standard module hook 'hook-pickle.py' from 'C:\\Users\\0120025-Z100\\source\\project\\pdf-editor\\.venv\\Lib\\site-packages\\PyInstaller\\hooks'
38659 INFO: Processing standard module hook 'hook-heapq.py' from 'C:\\Users\\0120025-Z100\\source\\project\\pdf-editor\\.venv\\Lib\\site-packages\\PyInstaller\\hooks'
40284 INFO: Caching module dependency graph...
40390 INFO: Analyzing C:\Users\0120025-Z100\source\project\pdf-editor\main.py
40409 INFO: Processing standard module hook 'hook-PySide6.py' from 'C:\\Users\\0120025-Z100\\source\\project\\pdf-editor\\.venv\\Lib\\site-packages\\PyInstaller\\hooks'
41691 INFO: Processing standard module hook 'hook-shiboken6.py' from 'C:\\Users\\0120025-Z100\\source\\project\\pdf-editor\\.venv\\Lib\\site-packages\\PyInstaller\\hooks'
42119 INFO: Processing standard module hook 'hook-PySide6.QtNetwork.py' from 'C:\\Users\\0120025-Z100\\source\\project\\pdf-editor\\.venv\\Lib\\site-packages\\PyInstaller\\hooks'
50517 INFO: Processing standard module hook 'hook-PySide6.QtCore.py' from 'C:\\Users\\0120025-Z100\\source\\project\\pdf-editor\\.venv\\Lib\\site-packages\\PyInstaller\\hooks'
60038 INFO: Processing standard module hook 'hook-PySide6.QtWidgets.py' from 'C:\\Users\\0120025-Z100\\source\\project\\pdf-editor\\.venv\\Lib\\site-packages\\PyInstaller\\hooks'
69820 INFO: Processing standard module hook 'hook-PySide6.QtGui.py' from 'C:\\Users\\0120025-Z100\\source\\project\\pdf-editor\\.venv\\Lib\\site-packages\\PyInstaller\\hooks'
133901 INFO: Processing standard module hook 'hook-PIL.py' from 'C:\\Users\\0120025-Z100\\source\\project\\pdf-editor\\.venv\\Lib\\site-packages\\PyInstaller\\hooks'
134110 INFO: Processing standard module hook 'hook-PIL.Image.py' from 'C:\\Users\\0120025-Z100\\source\\project\\pdf-editor\\.venv\\Lib\\site-packages\\PyInstaller\\hooks'
136058 INFO: Processing standard module hook 'hook-xml.py' from 'C:\\Users\\0120025-Z100\\source\\project\\pdf-editor\\.venv\\Lib\\site-packages\\PyInstaller\\hooks'
136129 INFO: Processing standard module hook 'hook-xml.etree.cElementTree.py' from 'C:\\Users\\0120025-Z100\\source\\project\\pdf-editor\\.venv\\Lib\\site-packages\\PyInstaller\\hooks'
136470 INFO: Processing standard module hook 'hook-PIL.ImageFilter.py' from 'C:\\Users\\0120025-Z100\\source\\project\\pdf-editor\\.venv\\Lib\\site-packages\\PyInstaller\\hooks'
137038 INFO: Processing standard module hook 'hook-multiprocessing.util.py' from 'C:\\Users\\0120025-Z100\\source\\project\\pdf-editor\\.venv\\Lib\\site-packages\\PyInstaller\\hooks'
138398 INFO: Processing standard module hook 'hook-sysconfig.py' from 'C:\\Users\\0120025-Z100\\source\\project\\pdf-editor\\.venv\\Lib\\site-packages\\PyInstaller\\hooks'
138417 INFO: Processing standard module hook 'hook-_ctypes.py' from 'C:\\Users\\0120025-Z100\\source\\project\\pdf-editor\\.venv\\Lib\\site-packages\\PyInstaller\\hooks'
138541 INFO: Processing standard module hook 'hook-platform.py' from 'C:\\Users\\0120025-Z100\\source\\project\\pdf-editor\\.venv\\Lib\\site-packages\\PyInstaller\\hooks'
139056 INFO: Processing standard module hook 'hook-markdown.py' from 'C:\\Users\\0120025-Z100\\source\\project\\pdf-editor\\.venv\\Lib\\site-packages\\_pyinstaller_hooks_contrib\\stdhooks'
141518 INFO: Processing pre-safe-import-module hook 'hook-importlib_metadata.py' from 'C:\\Users\\0120025-Z100\\source\\project\\pdf-editor\\.venv\\Lib\\site-packages\\PyInstaller\\hooks\\pre_safe_import_module'
141521 INFO: SetuptoolsInfo: initializing cached setuptools info...
144560 INFO: Setuptools: 'importlib_metadata' appears to be a setuptools-vendored copy - creating alias to 'setuptools._vendor.importlib_metadata'!
144576 INFO: Processing standard module hook 'hook-setuptools.py' from 'C:\\Users\\0120025-Z100\\source\\project\\pdf-editor\\.venv\\Lib\\site-packages\\PyInstaller\\hooks'
144618 INFO: Processing pre-safe-import-module hook 'hook-distutils.py' from 'C:\\Users\\0120025-Z100\\source\\project\\pdf-editor\\.venv\\Lib\\site-packages\\PyInstaller\\hooks\\pre_safe_import_module'
144703 INFO: Processing pre-safe-import-module hook 'hook-jaraco.py' from 'C:\\Users\\0120025-Z100\\source\\project\\pdf-editor\\.venv\\Lib\\site-packages\\PyInstaller\\hooks\\pre_safe_import_module'
144705 INFO: Setuptools: 'jaraco' appears to be a full setuptools-vendored copy - creating alias to 'setuptools._vendor.jaraco'!
144725 INFO: Processing pre-safe-import-module hook 'hook-more_itertools.py' from 'C:\\Users\\0120025-Z100\\source\\project\\pdf-editor\\.venv\\Lib\\site-packages\\PyInstaller\\hooks\\pre_safe_import_module'
144726 INFO: Setuptools: 'more_itertools' appears to be a setuptools-vendored copy - creating alias to 'setuptools._vendor.more_itertools'!
145044 INFO: Processing pre-safe-import-module hook 'hook-typing_extensions.py' from 'C:\\Users\\0120025-Z100\\source\\project\\pdf-editor\\.venv\\Lib\\site-packages\\PyInstaller\\hooks\\pre_safe_import_module'
145244 INFO: Processing pre-safe-import-module hook 'hook-packaging.py' from 'C:\\Users\\0120025-Z100\\source\\project\\pdf-editor\\.venv\\Lib\\site-packages\\PyInstaller\\hooks\\pre_safe_import_module'
145631 INFO: Processing standard module hook 'hook-setuptools._vendor.jaraco.text.py' from 'C:\\Users\\0120025-Z100\\source\\project\\pdf-editor\\.venv\\Lib\\site-packages\\PyInstaller\\hooks'
145636 INFO: Processing pre-safe-import-module hook 'hook-importlib_resources.py' from 'C:\\Users\\0120025-Z100\\source\\project\\pdf-editor\\.venv\\Lib\\site-packages\\PyInstaller\\hooks\\pre_safe_import_module'
146091 INFO: Processing pre-safe-import-module hook 'hook-backports.py' from 'C:\\Users\\0120025-Z100\\source\\project\\pdf-editor\\.venv\\Lib\\site-packages\\PyInstaller\\hooks\\pre_safe_import_module'
146093 INFO: Setuptools: 'backports' appears to be a full setuptools-vendored copy - creating alias to 'setuptools._vendor.backports'!
146960 INFO: Processing pre-safe-import-module hook 'hook-tomli.py' from 'C:\\Users\\0120025-Z100\\source\\project\\pdf-editor\\.venv\\Lib\\site-packages\\PyInstaller\\hooks\\pre_safe_import_module'
146963 INFO: Setuptools: 'tomli' appears to be a setuptools-vendored copy - creating alias to 'setuptools._vendor.tomli'!
148153 INFO: Processing pre-safe-import-module hook 'hook-wheel.py' from 'C:\\Users\\0120025-Z100\\source\\project\\pdf-editor\\.venv\\Lib\\site-packages\\PyInstaller\\hooks\\pre_safe_import_module'
148154 INFO: Setuptools: 'wheel' appears to be a setuptools-vendored copy - creating alias to 'setuptools._vendor.wheel'!
148289 INFO: Processing standard module hook 'hook-setuptools._vendor.importlib_metadata.py' from 'C:\\Users\\0120025-Z100\\source\\project\\pdf-editor\\.venv\\Lib\\site-packages\\PyInstaller\\hooks'
148463 INFO: Processing pre-safe-import-module hook 'hook-zipp.py' from 'C:\\Users\\0120025-Z100\\source\\project\\pdf-editor\\.venv\\Lib\\site-packages\\PyInstaller\\hooks\\pre_safe_import_module'
148465 INFO: Setuptools: 'zipp' appears to be a setuptools-vendored copy - creating alias to 'setuptools._vendor.zipp'!
149036 INFO: Processing standard module hook 'hook-PySide6.QtWebEngineCore.py' from 'C:\\Users\\0120025-Z100\\source\\project\\pdf-editor\\.venv\\Lib\\site-packages\\PyInstaller\\hooks'
154226 INFO: Processing standard module hook 'hook-PySide6.QtWebChannel.py' from 'C:\\Users\\0120025-Z100\\source\\project\\pdf-editor\\.venv\\Lib\\site-packages\\PyInstaller\\hooks'
156036 INFO: Processing standard module hook 'hook-PySide6.QtWebEngineWidgets.py' from 'C:\\Users\\0120025-Z100\\source\\project\\pdf-editor\\.venv\\Lib\\site-packages\\PyInstaller\\hooks'
158167 INFO: Processing standard module hook 'hook-PySide6.QtPrintSupport.py' from 'C:\\Users\\0120025-Z100\\source\\project\\pdf-editor\\.venv\\Lib\\site-packages\\PyInstaller\\hooks'
160166 INFO: Analyzing hidden import 'PySide6.Qt3DAnimation'
160238 INFO: Processing standard module hook 'hook-PySide6.Qt3DAnimation.py' from 'C:\\Users\\0120025-Z100\\source\\project\\pdf-editor\\.venv\\Lib\\site-packages\\PyInstaller\\hooks'
162020 INFO: Processing standard module hook 'hook-PySide6.Qt3DCore.py' from 'C:\\Users\\0120025-Z100\\source\\project\\pdf-editor\\.venv\\Lib\\site-packages\\PyInstaller\\hooks'
164262 INFO: Processing standard module hook 'hook-PySide6.Qt3DRender.py' from 'C:\\Users\\0120025-Z100\\source\\project\\pdf-editor\\.venv\\Lib\\site-packages\\PyInstaller\\hooks'
175606 INFO: Processing standard module hook 'hook-PySide6.QtOpenGL.py' from 'C:\\Users\\0120025-Z100\\source\\project\\pdf-editor\\.venv\\Lib\\site-packages\\PyInstaller\\hooks'
183023 INFO: Analyzing hidden import 'PySide6.Qt3DExtras'
183271 INFO: Processing standard module hook 'hook-PySide6.Qt3DExtras.py' from 'C:\\Users\\0120025-Z100\\source\\project\\pdf-editor\\.venv\\Lib\\site-packages\\PyInstaller\\hooks'
185474 INFO: Analyzing hidden import 'PySide6.Qt3DInput'
185550 INFO: Processing standard module hook 'hook-PySide6.Qt3DInput.py' from 'C:\\Users\\0120025-Z100\\source\\project\\pdf-editor\\.venv\\Lib\\site-packages\\PyInstaller\\hooks'
187102 INFO: Analyzing hidden import 'PySide6.Qt3DLogic'
187142 INFO: Processing standard module hook 'hook-PySide6.Qt3DLogic.py' from 'C:\\Users\\0120025-Z100\\source\\project\\pdf-editor\\.venv\\Lib\\site-packages\\PyInstaller\\hooks'
188786 INFO: Analyzing hidden import 'PySide6.QtAsyncio'
190110 INFO: Analyzing hidden import 'PySide6.QtAxContainer'
190146 INFO: Processing standard module hook 'hook-PySide6.QtAxContainer.py' from 'C:\\Users\\0120025-Z100\\source\\project\\pdf-editor\\.venv\\Lib\\site-packages\\PyInstaller\\hooks'
191833 INFO: Analyzing hidden import 'PySide6.QtBluetooth'
191988 INFO: Processing standard module hook 'hook-PySide6.QtBluetooth.py' from 'C:\\Users\\0120025-Z100\\source\\project\\pdf-editor\\.venv\\Lib\\site-packages\\PyInstaller\\hooks'
193568 INFO: Analyzing hidden import 'PySide6.QtCanvasPainter'
194059 INFO: Processing standard module hook 'hook-PySide6.QtQuick.py' from 'C:\\Users\\0120025-Z100\\source\\project\\pdf-editor\\.venv\\Lib\\site-packages\\PyInstaller\\hooks'
197565 INFO: Processing standard module hook 'hook-PySide6.QtQml.py' from 'C:\\Users\\0120025-Z100\\source\\project\\pdf-editor\\.venv\\Lib\\site-packages\\PyInstaller\\hooks'
--- Logging error ---
Traceback (most recent call last):
  File "C:\Users\0120025-Z100\AppData\Local\Programs\Python\Python313\Lib\logging\__init__.py", line 1151, in emit
    msg = self.format(record)
  File "C:\Users\0120025-Z100\AppData\Local\Programs\Python\Python313\Lib\logging\__init__.py", line 999, in format
    return fmt.format(record)
           ~~~~~~~~~~^^^^^^^^
  File "C:\Users\0120025-Z100\AppData\Local\Programs\Python\Python313\Lib\logging\__init__.py", line 712, in format
    record.message = record.getMessage()
                     ~~~~~~~~~~~~~~~~~^^
  File "C:\Users\0120025-Z100\AppData\Local\Programs\Python\Python313\Lib\logging\__init__.py", line 400, in getMessage
    msg = msg % self.args
          ~~~~^~~~~~~~~~~
TypeError: not enough arguments for format string
Call stack:
  File "<frozen runpy>", line 198, in _run_module_as_main
  File "<frozen runpy>", line 88, in _run_code
  File "C:\Users\0120025-Z100\source\project\pdf-editor\.venv\Scripts\pyinstaller.exe\__main__.py", line 6, in <module>
    sys.exit(_console_script_run())
  File "C:\Users\0120025-Z100\source\project\pdf-editor\.venv\Lib\site-packages\PyInstaller\__main__.py", line 231, in _console_script_run
    run()
  File "C:\Users\0120025-Z100\source\project\pdf-editor\.venv\Lib\site-packages\PyInstaller\__main__.py", line 215, in run
    run_build(pyi_config, spec_file, **vars(args))
  File "C:\Users\0120025-Z100\source\project\pdf-editor\.venv\Lib\site-packages\PyInstaller\__main__.py", line 70, in run_build
    PyInstaller.building.build_main.main(pyi_config, spec_file, **kwargs)
  File "C:\Users\0120025-Z100\source\project\pdf-editor\.venv\Lib\site-packages\PyInstaller\building\build_main.py", line 1275, in main
    build(specfile, distpath, workpath, clean_build)
  File "C:\Users\0120025-Z100\source\project\pdf-editor\.venv\Lib\site-packages\PyInstaller\building\build_main.py", line 1213, in build
    exec(code, spec_namespace)
  File "pdf_editor.spec", line 45, in <module>
    a = Analysis(
  File "C:\Users\0120025-Z100\source\project\pdf-editor\.venv\Lib\site-packages\PyInstaller\building\build_main.py", line 584, in __init__
    self.__postinit__()
  File "C:\Users\0120025-Z100\source\project\pdf-editor\.venv\Lib\site-packages\PyInstaller\building\datastruct.py", line 184, in __postinit__
    self.assemble()
  File "C:\Users\0120025-Z100\source\project\pdf-editor\.venv\Lib\site-packages\PyInstaller\building\build_main.py", line 719, in assemble
    self.graph.add_hiddenimports(self.hiddenimports)
  File "C:\Users\0120025-Z100\source\project\pdf-editor\.venv\Lib\site-packages\PyInstaller\depend\analysis.py", line 770, in add_hiddenimports
    nodes = self.import_hook(modnm)
  File "C:\Users\0120025-Z100\source\project\pdf-editor\.venv\Lib\site-packages\PyInstaller\lib\modulegraph\modulegraph.py", line 1279, in import_hook
    submodule = self._safe_import_module(head, mname, submodule)
  File "C:\Users\0120025-Z100\source\project\pdf-editor\.venv\Lib\site-packages\PyInstaller\depend\analysis.py", line 539, in _safe_import_module
    return super()._safe_import_module(module_basename, module_name, parent_package)
  File "C:\Users\0120025-Z100\source\project\pdf-editor\.venv\Lib\site-packages\PyInstaller\lib\modulegraph\modulegraph.py", line 1826, in _safe_import_module
    self._process_imports(n)
  File "C:\Users\0120025-Z100\source\project\pdf-editor\.venv\Lib\site-packages\PyInstaller\lib\modulegraph\modulegraph.py", line 2654, in _process_imports
    target_modules = self._safe_import_hook(*import_info, **kwargs)
  File "C:\Users\0120025-Z100\source\project\pdf-editor\.venv\Lib\site-packages\PyInstaller\depend\analysis.py", line 477, in _safe_import_hook
    ret_modules = super()._safe_import_hook(
  File "C:\Users\0120025-Z100\source\project\pdf-editor\.venv\Lib\site-packages\PyInstaller\lib\modulegraph\modulegraph.py", line 2103, in _safe_import_hook
    target_modules = self.import_hook(
  File "C:\Users\0120025-Z100\source\project\pdf-editor\.venv\Lib\site-packages\PyInstaller\lib\modulegraph\modulegraph.py", line 1279, in import_hook
    submodule = self._safe_import_module(head, mname, submodule)
  File "C:\Users\0120025-Z100\source\project\pdf-editor\.venv\Lib\site-packages\PyInstaller\depend\analysis.py", line 539, in _safe_import_module
    return super()._safe_import_module(module_basename, module_name, parent_package)
  File "C:\Users\0120025-Z100\source\project\pdf-editor\.venv\Lib\site-packages\PyInstaller\lib\modulegraph\modulegraph.py", line 1826, in _safe_import_module
    self._process_imports(n)
  File "C:\Users\0120025-Z100\source\project\pdf-editor\.venv\Lib\site-packages\PyInstaller\lib\modulegraph\modulegraph.py", line 2654, in _process_imports
    target_modules = self._safe_import_hook(*import_info, **kwargs)
  File "C:\Users\0120025-Z100\source\project\pdf-editor\.venv\Lib\site-packages\PyInstaller\depend\analysis.py", line 477, in _safe_import_hook
    ret_modules = super()._safe_import_hook(
  File "C:\Users\0120025-Z100\source\project\pdf-editor\.venv\Lib\site-packages\PyInstaller\lib\modulegraph\modulegraph.py", line 2103, in _safe_import_hook
    target_modules = self.import_hook(
  File "C:\Users\0120025-Z100\source\project\pdf-editor\.venv\Lib\site-packages\PyInstaller\lib\modulegraph\modulegraph.py", line 1279, in import_hook
    submodule = self._safe_import_module(head, mname, submodule)
  File "C:\Users\0120025-Z100\source\project\pdf-editor\.venv\Lib\site-packages\PyInstaller\depend\analysis.py", line 539, in _safe_import_module
    return super()._safe_import_module(module_basename, module_name, parent_package)
  File "C:\Users\0120025-Z100\source\project\pdf-editor\.venv\Lib\site-packages\PyInstaller\lib\modulegraph\modulegraph.py", line 1826, in _safe_import_module
    self._process_imports(n)
  File "C:\Users\0120025-Z100\source\project\pdf-editor\.venv\Lib\site-packages\PyInstaller\lib\modulegraph\modulegraph.py", line 2654, in _process_imports
    target_modules = self._safe_import_hook(*import_info, **kwargs)
  File "C:\Users\0120025-Z100\source\project\pdf-editor\.venv\Lib\site-packages\PyInstaller\depend\analysis.py", line 385, in _safe_import_hook
    excluded_imports = self._find_all_excluded_imports(source_module.identifier)
  File "C:\Users\0120025-Z100\source\project\pdf-editor\.venv\Lib\site-packages\PyInstaller\depend\analysis.py", line 373, in _find_all_excluded_imports
    excluded_imports.update(module_hook.excludedimports)
  File "C:\Users\0120025-Z100\source\project\pdf-editor\.venv\Lib\site-packages\PyInstaller\depend\imphook.py", line 343, in __getattr__
    self._load_hook_module()
  File "C:\Users\0120025-Z100\source\project\pdf-editor\.venv\Lib\site-packages\PyInstaller\depend\imphook.py", line 422, in _load_hook_module
    self._hook_module = importlib_load_source(self.hook_module_name, self.hook_filename)
  File "C:\Users\0120025-Z100\source\project\pdf-editor\.venv\Lib\site-packages\PyInstaller\compat.py", line 566, in importlib_load_source
    mod_loader.exec_module(mod)
  File "<frozen importlib._bootstrap_external>", line 1023, in exec_module
  File "<frozen importlib._bootstrap>", line 488, in _call_with_frames_removed
  File "C:\Users\0120025-Z100\source\project\pdf-editor\.venv\Lib\site-packages\PyInstaller\hooks\hook-PySide6.QtQml.py", line 15, in <module>
    qml_binaries, qml_datas = pyside6_library_info.collect_qtqml_files()
  File "C:\Users\0120025-Z100\source\project\pdf-editor\.venv\Lib\site-packages\PyInstaller\utils\hooks\qt\__init__.py", line 963, in collect_qtqml_files
    plugin_binaries, plugin_datas = self._process_qml_plugin(qmldir_file)
  File "C:\Users\0120025-Z100\source\project\pdf-editor\.venv\Lib\site-packages\PyInstaller\utils\hooks\qt\__init__.py", line 1014, in _process_qml_plugin
    logger.warn("%s: QML plugin binary %r does not exist!", str(plugin_file))
Message: '%s: QML plugin binary %r does not exist!'
Arguments: ('C:\\Users\\0120025-Z100\\source\\project\\pdf-editor\\.venv\\Lib\\site-packages\\PySide6\\qml\\Qt\\labs\\assetdownloader\\qmlassetdownloaderprivateplugin.dll',)
268046 INFO: Analyzing hidden import 'PySide6.QtCharts'
268315 INFO: Processing standard module hook 'hook-PySide6.QtCharts.py' from 'C:\\Users\\0120025-Z100\\source\\project\\pdf-editor\\.venv\\Lib\\site-packages\\PyInstaller\\hooks'
270749 INFO: Analyzing hidden import 'PySide6.QtConcurrent'
270776 INFO: Processing standard module hook 'hook-PySide6.QtConcurrent.py' from 'C:\\Users\\0120025-Z100\\source\\project\\pdf-editor\\.venv\\Lib\\site-packages\\PyInstaller\\hooks'
272020 INFO: Analyzing hidden import 'PySide6.QtDBus'
272141 INFO: Processing standard module hook 'hook-PySide6.QtDBus.py' from 'C:\\Users\\0120025-Z100\\source\\project\\pdf-editor\\.venv\\Lib\\site-packages\\PyInstaller\\hooks'
273764 INFO: Analyzing hidden import 'PySide6.QtDataVisualization'
274040 INFO: Processing standard module hook 'hook-PySide6.QtDataVisualization.py' from 'C:\\Users\\0120025-Z100\\source\\project\\pdf-editor\\.venv\\Lib\\site-packages\\PyInstaller\\hooks'
276170 INFO: Analyzing hidden import 'PySide6.QtDesigner'
276278 INFO: Processing standard module hook 'hook-PySide6.QtDesigner.py' from 'C:\\Users\\0120025-Z100\\source\\project\\pdf-editor\\.venv\\Lib\\site-packages\\PyInstaller\\hooks'
280144 INFO: Analyzing hidden import 'PySide6.QtGraphs'
280499 INFO: Processing standard module hook 'hook-PySide6.QtGraphs.py' from 'C:\\Users\\0120025-Z100\\source\\project\\pdf-editor\\.venv\\Lib\\site-packages\\PyInstaller\\hooks'
283289 INFO: Analyzing hidden import 'PySide6.QtGraphsWidgets'
283360 INFO: Processing standard module hook 'hook-PySide6.QtGraphsWidgets.py' from 'C:\\Users\\0120025-Z100\\source\\project\\pdf-editor\\.venv\\Lib\\site-packages\\PyInstaller\\hooks'
284682 INFO: Processing standard module hook 'hook-PySide6.QtQuickWidgets.py' from 'C:\\Users\\0120025-Z100\\source\\project\\pdf-editor\\.venv\\Lib\\site-packages\\PyInstaller\\hooks'
286629 INFO: Analyzing hidden import 'PySide6.QtHelp'
286703 INFO: Processing standard module hook 'hook-PySide6.QtHelp.py' from 'C:\\Users\\0120025-Z100\\source\\project\\pdf-editor\\.venv\\Lib\\site-packages\\PyInstaller\\hooks'
288623 INFO: Analyzing hidden import 'PySide6.QtHttpServer'
288655 INFO: Processing standard module hook 'hook-PySide6.QtHttpServer.py' from 'C:\\Users\\0120025-Z100\\source\\project\\pdf-editor\\.venv\\Lib\\site-packages\\PyInstaller\\hooks'
290339 INFO: Analyzing hidden import 'PySide6.QtLocation'
290494 INFO: Processing standard module hook 'hook-PySide6.QtLocation.py' from 'C:\\Users\\0120025-Z100\\source\\project\\pdf-editor\\.venv\\Lib\\site-packages\\PyInstaller\\hooks'
293605 INFO: Processing standard module hook 'hook-PySide6.QtPositioning.py' from 'C:\\Users\\0120025-Z100\\source\\project\\pdf-editor\\.venv\\Lib\\site-packages\\PyInstaller\\hooks'
297101 INFO: Analyzing hidden import 'PySide6.QtMultimedia'
297315 INFO: Processing standard module hook 'hook-PySide6.QtMultimedia.py' from 'C:\\Users\\0120025-Z100\\source\\project\\pdf-editor\\.venv\\Lib\\site-packages\\PyInstaller\\hooks'
302642 INFO: Analyzing hidden import 'PySide6.QtMultimediaWidgets'
302689 INFO: Processing standard module hook 'hook-PySide6.QtMultimediaWidgets.py' from 'C:\\Users\\0120025-Z100\\source\\project\\pdf-editor\\.venv\\Lib\\site-packages\\PyInstaller\\hooks'
304531 INFO: Analyzing hidden import 'PySide6.QtNetworkAuth'
304587 INFO: Processing standard module hook 'hook-PySide6.QtNetworkAuth.py' from 'C:\\Users\\0120025-Z100\\source\\project\\pdf-editor\\.venv\\Lib\\site-packages\\PyInstaller\\hooks'
306389 INFO: Analyzing hidden import 'PySide6.QtNfc'
306464 INFO: Processing standard module hook 'hook-PySide6.QtNfc.py' from 'C:\\Users\\0120025-Z100\\source\\project\\pdf-editor\\.venv\\Lib\\site-packages\\PyInstaller\\hooks'
308131 INFO: Analyzing hidden import 'PySide6.QtOpenGLWidgets'
308173 INFO: Processing standard module hook 'hook-PySide6.QtOpenGLWidgets.py' from 'C:\\Users\\0120025-Z100\\source\\project\\pdf-editor\\.venv\\Lib\\site-packages\\PyInstaller\\hooks'
309834 INFO: Analyzing hidden import 'PySide6.QtPdf'
309903 INFO: Processing standard module hook 'hook-PySide6.QtPdf.py' from 'C:\\Users\\0120025-Z100\\source\\project\\pdf-editor\\.venv\\Lib\\site-packages\\PyInstaller\\hooks'
311855 INFO: Analyzing hidden import 'PySide6.QtPdfWidgets'
311901 INFO: Processing standard module hook 'hook-PySide6.QtPdfWidgets.py' from 'C:\\Users\\0120025-Z100\\source\\project\\pdf-editor\\.venv\\Lib\\site-packages\\PyInstaller\\hooks'
313589 INFO: Analyzing hidden import 'PySide6.QtQuick3D'
313616 INFO: Processing standard module hook 'hook-PySide6.QtQuick3D.py' from 'C:\\Users\\0120025-Z100\\source\\project\\pdf-editor\\.venv\\Lib\\site-packages\\PyInstaller\\hooks'
315568 INFO: Analyzing hidden import 'PySide6.QtQuickControls2'
315573 INFO: Processing standard module hook 'hook-PySide6.QtQuickControls2.py' from 'C:\\Users\\0120025-Z100\\source\\project\\pdf-editor\\.venv\\Lib\\site-packages\\PyInstaller\\hooks'
317208 INFO: Analyzing hidden import 'PySide6.QtQuickTest'
317251 INFO: Analyzing hidden import 'PySide6.QtRemoteObjects'
317314 INFO: Processing standard module hook 'hook-PySide6.QtRemoteObjects.py' from 'C:\\Users\\0120025-Z100\\source\\project\\pdf-editor\\.venv\\Lib\\site-packages\\PyInstaller\\hooks'
319046 INFO: Analyzing hidden import 'PySide6.QtScxml'
319117 INFO: Processing standard module hook 'hook-PySide6.QtScxml.py' from 'C:\\Users\\0120025-Z100\\source\\project\\pdf-editor\\.venv\\Lib\\site-packages\\PyInstaller\\hooks'
321117 INFO: Analyzing hidden import 'PySide6.QtSensors'
321215 INFO: Processing standard module hook 'hook-PySide6.QtSensors.py' from 'C:\\Users\\0120025-Z100\\source\\project\\pdf-editor\\.venv\\Lib\\site-packages\\PyInstaller\\hooks'
323537 INFO: Analyzing hidden import 'PySide6.QtSerialBus'
323653 INFO: Processing standard module hook 'hook-PySide6.QtSerialBus.py' from 'C:\\Users\\0120025-Z100\\source\\project\\pdf-editor\\.venv\\Lib\\site-packages\\PyInstaller\\hooks'
327303 INFO: Analyzing hidden import 'PySide6.QtSerialPort'
327320 INFO: Processing standard module hook 'hook-PySide6.QtSerialPort.py' from 'C:\\Users\\0120025-Z100\\source\\project\\pdf-editor\\.venv\\Lib\\site-packages\\PyInstaller\\hooks'
328887 INFO: Analyzing hidden import 'PySide6.QtSpatialAudio'
328952 INFO: Processing standard module hook 'hook-PySide6.QtSpatialAudio.py' from 'C:\\Users\\0120025-Z100\\source\\project\\pdf-editor\\.venv\\Lib\\site-packages\\PyInstaller\\hooks'
330754 INFO: Analyzing hidden import 'PySide6.QtSql'
330867 INFO: Processing standard module hook 'hook-PySide6.QtSql.py' from 'C:\\Users\\0120025-Z100\\source\\project\\pdf-editor\\.venv\\Lib\\site-packages\\PyInstaller\\hooks'
334802 INFO: Analyzing hidden import 'PySide6.QtStateMachine'
334883 INFO: Processing standard module hook 'hook-PySide6.QtStateMachine.py' from 'C:\\Users\\0120025-Z100\\source\\project\\pdf-editor\\.venv\\Lib\\site-packages\\PyInstaller\\hooks'
336480 INFO: Analyzing hidden import 'PySide6.QtSvg'
336545 INFO: Processing standard module hook 'hook-PySide6.QtSvg.py' from 'C:\\Users\\0120025-Z100\\source\\project\\pdf-editor\\.venv\\Lib\\site-packages\\PyInstaller\\hooks'
338224 INFO: Analyzing hidden import 'PySide6.QtSvgWidgets'
338260 INFO: Processing standard module hook 'hook-PySide6.QtSvgWidgets.py' from 'C:\\Users\\0120025-Z100\\source\\project\\pdf-editor\\.venv\\Lib\\site-packages\\PyInstaller\\hooks'
340072 INFO: Analyzing hidden import 'PySide6.QtTest'
340119 INFO: Processing standard module hook 'hook-PySide6.QtTest.py' from 'C:\\Users\\0120025-Z100\\source\\project\\pdf-editor\\.venv\\Lib\\site-packages\\PyInstaller\\hooks'
342330 INFO: Analyzing hidden import 'PySide6.QtTextToSpeech'
342356 INFO: Processing standard module hook 'hook-PySide6.QtTextToSpeech.py' from 'C:\\Users\\0120025-Z100\\source\\project\\pdf-editor\\.venv\\Lib\\site-packages\\PyInstaller\\hooks'
345480 INFO: Analyzing hidden import 'PySide6.QtUiTools'
345489 INFO: Processing standard module hook 'hook-PySide6.QtUiTools.py' from 'C:\\Users\\0120025-Z100\\source\\project\\pdf-editor\\.venv\\Lib\\site-packages\\PyInstaller\\hooks'
347188 INFO: Analyzing hidden import 'PySide6.QtWebEngineQuick'
347211 INFO: Processing standard module hook 'hook-PySide6.QtWebEngineQuick.py' from 'C:\\Users\\0120025-Z100\\source\\project\\pdf-editor\\.venv\\Lib\\site-packages\\PyInstaller\\hooks'
349310 INFO: Analyzing hidden import 'PySide6.QtWebSockets'
349343 INFO: Processing standard module hook 'hook-PySide6.QtWebSockets.py' from 'C:\\Users\\0120025-Z100\\source\\project\\pdf-editor\\.venv\\Lib\\site-packages\\PyInstaller\\hooks'
351020 INFO: Analyzing hidden import 'PySide6.QtWebView'
351038 INFO: Analyzing hidden import 'PySide6.QtXml'
351087 INFO: Processing standard module hook 'hook-PySide6.QtXml.py' from 'C:\\Users\\0120025-Z100\\source\\project\\pdf-editor\\.venv\\Lib\\site-packages\\PyInstaller\\hooks'
352828 INFO: Analyzing hidden import 'PySide6._config'
352865 INFO: Analyzing hidden import 'PySide6._git_pyside_version'
352869 INFO: Analyzing hidden import 'PySide6.scripts'
352871 INFO: Analyzing hidden import 'PySide6.scripts.deploy'
352889 INFO: Analyzing hidden import 'PySide6.scripts.metaobjectdump'
352917 INFO: Analyzing hidden import 'PySide6.scripts.project'
352949 INFO: Analyzing hidden import 'PySide6.scripts.project_lib'
353055 INFO: Analyzing hidden import 'PySide6.scripts.pyside_tool'
353121 INFO: Analyzing hidden import 'PySide6.scripts.qml'
353145 INFO: Analyzing hidden import 'PySide6.scripts.qtpy2cpp'
353160 INFO: Analyzing hidden import 'PySide6.support'
353163 INFO: Analyzing hidden import 'PySide6.support.deprecated'
353168 INFO: Analyzing hidden import 'PySide6.support.generate_pyi'
353183 INFO: Analyzing hidden import 'pymupdf.__main__'
353257 INFO: Processing module hooks (post-graph stage)...
354109 INFO: Processing standard module hook 'hook-PIL.SpiderImagePlugin.py' from 'C:\\Users\\0120025-Z100\\source\\project\\pdf-editor\\.venv\\Lib\\site-packages\\PyInstaller\\hooks'
355538 INFO: Processing standard module hook 'hook-difflib.py' from 'C:\\Users\\0120025-Z100\\source\\project\\pdf-editor\\.venv\\Lib\\site-packages\\PyInstaller\\hooks'
356148 INFO: Performing binary vs. data reclassification (3810 entries)
361198 INFO: Looking for ctypes DLLs
361281 INFO: Analyzing run-time hooks ...
361289 INFO: Including run-time hook 'pyi_rth_inspect.py' from 'C:\\Users\\0120025-Z100\\source\\project\\pdf-editor\\.venv\\Lib\\site-packages\\PyInstaller\\hooks\\rthooks'
361299 INFO: Including run-time hook 'pyi_rth_multiprocessing.py' from 'C:\\Users\\0120025-Z100\\source\\project\\pdf-editor\\.venv\\Lib\\site-packages\\PyInstaller\\hooks\\rthooks'
361307 INFO: Including run-time hook 'pyi_rth_pkgutil.py' from 'C:\\Users\\0120025-Z100\\source\\project\\pdf-editor\\.venv\\Lib\\site-packages\\PyInstaller\\hooks\\rthooks'
361316 INFO: Including run-time hook 'pyi_rth_setuptools.py' from 'C:\\Users\\0120025-Z100\\source\\project\\pdf-editor\\.venv\\Lib\\site-packages\\PyInstaller\\hooks\\rthooks'
361321 INFO: Including run-time hook 'pyi_rth_pyside6.py' from 'C:\\Users\\0120025-Z100\\source\\project\\pdf-editor\\.venv\\Lib\\site-packages\\PyInstaller\\hooks\\rthooks'
361327 INFO: Processing pre-find-module-path hook 'hook-_pyi_rth_utils.py' from 'C:\\Users\\0120025-Z100\\source\\project\\pdf-editor\\.venv\\Lib\\site-packages\\PyInstaller\\hooks\\pre_find_module_path'
361334 INFO: Processing standard module hook 'hook-_pyi_rth_utils.py' from 'C:\\Users\\0120025-Z100\\source\\project\\pdf-editor\\.venv\\Lib\\site-packages\\PyInstaller\\hooks'
361588 INFO: Creating base_library.zip...
361683 INFO: Looking for dynamic libraries
365997 INFO: Extra DLL search directories (AddDllDirectory): ['C:\\Users\\0120025-Z100\\source\\project\\pdf-editor\\.venv\\Lib\\site-packages\\shiboken6']
365997 INFO: Extra DLL search directories (PATH): ['C:\\Users\\0120025-Z100\\source\\project\\pdf-editor\\.venv\\Lib\\site-packages\\PySide6']
407886 WARNING: Library not found: could not resolve 'fbclient.dll', dependency of 'C:\\Users\\0120025-Z100\\source\\project\\pdf-editor\\.venv\\Lib\\site-packages\\PySide6\\plugins\\sqldrivers\\qsqlibase.dll'.
407897 WARNING: Library not found: could not resolve 'MIMAPI64.dll', dependency of 'C:\\Users\\0120025-Z100\\source\\project\\pdf-editor\\.venv\\Lib\\site-packages\\PySide6\\plugins\\sqldrivers\\qsqlmimer.dll'.
407900 WARNING: Library not found: could not resolve 'OCI.dll', dependency of 'C:\\Users\\0120025-Z100\\source\\project\\pdf-editor\\.venv\\Lib\\site-packages\\PySide6\\plugins\\sqldrivers\\qsqloci.dll'.
407909 WARNING: Library not found: could not resolve 'LIBPQ.dll', dependency of 'C:\\Users\\0120025-Z100\\source\\project\\pdf-editor\\.venv\\Lib\\site-packages\\PySide6\\plugins\\sqldrivers\\qsqlpsql.dll'.
408100 WARNING: Library not found: could not resolve 'Qt6QuickShapesDesignHelpers.dll', dependency of 'C:\\Users\\0120025-Z100\\source\\project\\pdf-editor\\.venv\\Lib\\site-packages\\PySide6\\qml\\QtQuick\\Shapes\\DesignHelpers\\qtquickshapesdesignhelpersplugin.dll'.
409990 INFO: Warnings written to C:\Users\0120025-Z100\source\project\pdf-editor\build\pdf_editor\warn-pdf_editor.txt
410079 INFO: Graph cross-reference written to C:\Users\0120025-Z100\source\project\pdf-editor\build\pdf_editor\xref-pdf_editor.html
410437 INFO: checking PYZ
410447 INFO: Building because toc changed
410447 INFO: Building PYZ (ZlibArchive) C:\Users\0120025-Z100\source\project\pdf-editor\build\pdf_editor\PYZ-00.pyz
411421 INFO: Building PYZ (ZlibArchive) C:\Users\0120025-Z100\source\project\pdf-editor\build\pdf_editor\PYZ-00.pyz completed successfully.
411451 INFO: checking PKG
411454 INFO: Building because C:\Users\0120025-Z100\source\project\pdf-editor\build\pdf_editor\PYZ-00.pyz changed
411454 INFO: Building PKG (CArchive) PDF_Editor.pkg
411496 INFO: Building PKG (CArchive) PDF_Editor.pkg completed successfully.
411499 INFO: Bootloader C:\Users\0120025-Z100\source\project\pdf-editor\.venv\Lib\site-packages\PyInstaller\bootloader\Windows-64bit-intel\runw.exe
411499 INFO: checking EXE
411504 INFO: Rebuilding EXE-00.toc because pkg is more recent
411505 INFO: Building EXE from EXE-00.toc
411507 INFO: Copying bootloader EXE to C:\Users\0120025-Z100\source\project\pdf-editor\build\pdf_editor\PDF_Editor.exe
411551 INFO: Copying icon to EXE
411572 INFO: Copying 0 resources to EXE
411573 INFO: Embedding manifest in EXE
411597 INFO: Appending PKG archive to EXE
411633 INFO: Fixing EXE headers
411776 INFO: Building EXE from EXE-00.toc completed successfully.
411839 INFO: checking COLLECT
411900 INFO: Removing dir C:\Users\0120025-Z100\source\project\pdf-editor\dist\PDF_Editor
419334 INFO: Building COLLECT COLLECT-00.toc
452555 INFO: Building COLLECT COLLECT-00.toc completed successfully.
452692 INFO: Build complete! The results are available in: C:\Users\0120025-Z100\source\project\pdf-editor\dist
